Archive member included to satisfy reference by file (symbol)

c:/progra~2/gnutoo~1/72017-~1/bin/../lib/gcc/arm-none-eabi/7.2.1/thumb/v7-m\libgcc.a(_arm_addsubdf3.o)
                              CMakeFiles/Oiler2018.elf.dir/Src/main.c.obj (__aeabi_ui2d)
c:/progra~2/gnutoo~1/72017-~1/bin/../lib/gcc/arm-none-eabi/7.2.1/thumb/v7-m\libgcc.a(_arm_muldivdf3.o)
                              CMakeFiles/Oiler2018.elf.dir/Inc/cjson/cJSON.c.obj (__aeabi_dmul)
c:/progra~2/gnutoo~1/72017-~1/bin/../lib/gcc/arm-none-eabi/7.2.1/thumb/v7-m\libgcc.a(_arm_cmpdf2.o)
                              CMakeFiles/Oiler2018.elf.dir/Inc/cjson/cJSON.c.obj (__aeabi_dcmpeq)
c:/progra~2/gnutoo~1/72017-~1/bin/../lib/gcc/arm-none-eabi/7.2.1/thumb/v7-m\libgcc.a(_arm_fixdfsi.o)
                              CMakeFiles/Oiler2018.elf.dir/Inc/cjson/cJSON.c.obj (__aeabi_d2iz)
c:/progra~2/gnutoo~1/72017-~1/bin/../lib/gcc/arm-none-eabi/7.2.1/thumb/v7-m\libgcc.a(_arm_fixunsdfsi.o)
                              CMakeFiles/Oiler2018.elf.dir/Src/main.c.obj (__aeabi_d2uiz)
c:/progra~2/gnutoo~1/72017-~1/bin/../lib/gcc/arm-none-eabi/7.2.1/thumb/v7-m\libgcc.a(_arm_addsubsf3.o)
                              CMakeFiles/Oiler2018.elf.dir/Src/main.c.obj (__aeabi_ui2f)
c:/progra~2/gnutoo~1/72017-~1/bin/../lib/gcc/arm-none-eabi/7.2.1/thumb/v7-m\libgcc.a(_arm_muldivsf3.o)
                              CMakeFiles/Oiler2018.elf.dir/Src/main.c.obj (__aeabi_fmul)
c:/progra~2/gnutoo~1/72017-~1/bin/../lib/gcc/arm-none-eabi/7.2.1/../../../../arm-none-eabi/lib/thumb/v7-m\libg_nano.a(lib_a-exit.o)
                              c:/progra~2/gnutoo~1/72017-~1/bin/../lib/gcc/arm-none-eabi/7.2.1/../../../../arm-none-eabi/lib/thumb/v7-m/crt0.o (exit)
c:/progra~2/gnutoo~1/72017-~1/bin/../lib/gcc/arm-none-eabi/7.2.1/../../../../arm-none-eabi/lib/thumb/v7-m\libg_nano.a(lib_a-impure.o)
                              c:/progra~2/gnutoo~1/72017-~1/bin/../lib/gcc/arm-none-eabi/7.2.1/../../../../arm-none-eabi/lib/thumb/v7-m\libg_nano.a(lib_a-exit.o) (_global_impure_ptr)
c:/progra~2/gnutoo~1/72017-~1/bin/../lib/gcc/arm-none-eabi/7.2.1/../../../../arm-none-eabi/lib/thumb/v7-m\libg_nano.a(lib_a-init.o)
                              c:/progra~2/gnutoo~1/72017-~1/bin/../lib/gcc/arm-none-eabi/7.2.1/../../../../arm-none-eabi/lib/thumb/v7-m/crt0.o (__libc_init_array)
c:/progra~2/gnutoo~1/72017-~1/bin/../lib/gcc/arm-none-eabi/7.2.1/../../../../arm-none-eabi/lib/thumb/v7-m\libg_nano.a(lib_a-locale.o)
                              CMakeFiles/Oiler2018.elf.dir/Inc/cjson/cJSON.c.obj (__locale_ctype_ptr)
c:/progra~2/gnutoo~1/72017-~1/bin/../lib/gcc/arm-none-eabi/7.2.1/../../../../arm-none-eabi/lib/thumb/v7-m\libg_nano.a(lib_a-malloc.o)
                              CMakeFiles/Oiler2018.elf.dir/Inc/cjson/cJSON.c.obj (malloc)
c:/progra~2/gnutoo~1/72017-~1/bin/../lib/gcc/arm-none-eabi/7.2.1/../../../../arm-none-eabi/lib/thumb/v7-m\libg_nano.a(lib_a-mbtowc_r.o)
                              c:/progra~2/gnutoo~1/72017-~1/bin/../lib/gcc/arm-none-eabi/7.2.1/../../../../arm-none-eabi/lib/thumb/v7-m\libg_nano.a(lib_a-locale.o) (__ascii_mbtowc)
c:/progra~2/gnutoo~1/72017-~1/bin/../lib/gcc/arm-none-eabi/7.2.1/../../../../arm-none-eabi/lib/thumb/v7-m\libg_nano.a(lib_a-memcpy-stub.o)
                              CMakeFiles/Oiler2018.elf.dir/Inc/cjson/cJSON.c.obj (memcpy)
c:/progra~2/gnutoo~1/72017-~1/bin/../lib/gcc/arm-none-eabi/7.2.1/../../../../arm-none-eabi/lib/thumb/v7-m\libg_nano.a(lib_a-memset.o)
                              c:/progra~2/gnutoo~1/72017-~1/bin/../lib/gcc/arm-none-eabi/7.2.1/../../../../arm-none-eabi/lib/thumb/v7-m/crt0.o (memset)
c:/progra~2/gnutoo~1/72017-~1/bin/../lib/gcc/arm-none-eabi/7.2.1/../../../../arm-none-eabi/lib/thumb/v7-m\libg_nano.a(lib_a-nano-freer.o)
                              c:/progra~2/gnutoo~1/72017-~1/bin/../lib/gcc/arm-none-eabi/7.2.1/../../../../arm-none-eabi/lib/thumb/v7-m\libg_nano.a(lib_a-malloc.o) (_free_r)
c:/progra~2/gnutoo~1/72017-~1/bin/../lib/gcc/arm-none-eabi/7.2.1/../../../../arm-none-eabi/lib/thumb/v7-m\libg_nano.a(lib_a-nano-mallocr.o)
                              c:/progra~2/gnutoo~1/72017-~1/bin/../lib/gcc/arm-none-eabi/7.2.1/../../../../arm-none-eabi/lib/thumb/v7-m\libg_nano.a(lib_a-malloc.o) (_malloc_r)
c:/progra~2/gnutoo~1/72017-~1/bin/../lib/gcc/arm-none-eabi/7.2.1/../../../../arm-none-eabi/lib/thumb/v7-m\libg_nano.a(lib_a-realloc.o)
                              CMakeFiles/Oiler2018.elf.dir/Inc/cjson/cJSON.c.obj (realloc)
c:/progra~2/gnutoo~1/72017-~1/bin/../lib/gcc/arm-none-eabi/7.2.1/../../../../arm-none-eabi/lib/thumb/v7-m\libg_nano.a(lib_a-sbrkr.o)
                              c:/progra~2/gnutoo~1/72017-~1/bin/../lib/gcc/arm-none-eabi/7.2.1/../../../../arm-none-eabi/lib/thumb/v7-m\libg_nano.a(lib_a-nano-mallocr.o) (_sbrk_r)
c:/progra~2/gnutoo~1/72017-~1/bin/../lib/gcc/arm-none-eabi/7.2.1/../../../../arm-none-eabi/lib/thumb/v7-m\libg_nano.a(lib_a-sprintf.o)
[...]
Memory Configuration

Name             Origin             Length             Attributes
RAM              0x20000000         0x00005000         xrw
FLASH            0x08000000         0x00010000         xr
*default*        0x00000000         0xffffffff

Linker script and memory map

LOAD c:/progra~2/gnutoo~1/72017-~1/bin/../lib/gcc/arm-none-eabi/7.2.1/thumb/v7-m/crti.o
LOAD c:/progra~2/gnutoo~1/72017-~1/bin/../lib/gcc/arm-none-eabi/7.2.1/thumb/v7-m/crtbegin.o
LOAD c:/progra~2/gnutoo~1/72017-~1/bin/../lib/gcc/arm-none-eabi/7.2.1/../../../../arm-none-eabi/lib/thumb/v7-m/crt0.o
LOAD CMakeFiles/Oiler2018.elf.dir/Drivers/STM32F1xx_HAL_Driver/Src/stm32f1xx_hal.c.obj
LOAD CMakeFiles/Oiler2018.elf.dir/Drivers/STM32F1xx_HAL_Driver/Src/stm32f1xx_hal_cortex.c.obj
LOAD CMakeFiles/Oiler2018.elf.dir/Drivers/STM32F1xx_HAL_Driver/Src/stm32f1xx_hal_dma.c.obj
LOAD CMakeFiles/Oiler2018.elf.dir/Drivers/STM32F1xx_HAL_Driver/Src/stm32f1xx_hal_flash.c.obj
LOAD CMakeFiles/Oiler2018.elf.dir/Drivers/STM32F1xx_HAL_Driver/Src/stm32f1xx_hal_flash_ex.c.obj
LOAD CMakeFiles/Oiler2018.elf.dir/Drivers/STM32F1xx_HAL_Driver/Src/stm32f1xx_hal_gpio.c.obj
LOAD CMakeFiles/Oiler2018.elf.dir/Drivers/STM32F1xx_HAL_Driver/Src/stm32f1xx_hal_gpio_ex.c.obj
LOAD CMakeFiles/Oiler2018.elf.dir/Drivers/STM32F1xx_HAL_Driver/Src/stm32f1xx_hal_pcd.c.obj
LOAD CMakeFiles/Oiler2018.elf.dir/Drivers/STM32F1xx_HAL_Driver/Src/stm32f1xx_hal_pcd_ex.c.obj
LOAD CMakeFiles/Oiler2018.elf.dir/Drivers/STM32F1xx_HAL_Driver/Src/stm32f1xx_hal_pwr.c.obj
LOAD CMakeFiles/Oiler2018.elf.dir/Drivers/STM32F1xx_HAL_Driver/Src/stm32f1xx_hal_rcc.c.obj
LOAD CMakeFiles/Oiler2018.elf.dir/Drivers/STM32F1xx_HAL_Driver/Src/stm32f1xx_hal_rcc_ex.c.obj
LOAD CMakeFiles/Oiler2018.elf.dir/Drivers/STM32F1xx_HAL_Driver/Src/stm32f1xx_hal_tim.c.obj
LOAD CMakeFiles/Oiler2018.elf.dir/Drivers/STM32F1xx_HAL_Driver/Src/stm32f1xx_hal_tim_ex.c.obj
LOAD CMakeFiles/Oiler2018.elf.dir/Drivers/STM32F1xx_HAL_Driver/Src/stm32f1xx_hal_uart.c.obj
LOAD CMakeFiles/Oiler2018.elf.dir/Drivers/STM32F1xx_HAL_Driver/Src/stm32f1xx_ll_usb.c.obj
LOAD CMakeFiles/Oiler2018.elf.dir/Inc/cjson/cJSON.c.obj
LOAD CMakeFiles/Oiler2018.elf.dir/Middlewares/ST/STM32_USB_Device_Library/Class/CDC/Src/usbd_cdc.c.obj
LOAD CMakeFiles/Oiler2018.elf.dir/Middlewares/ST/STM32_USB_Device_Library/Core/Src/usbd_core.c.obj
LOAD CMakeFiles/Oiler2018.elf.dir/Middlewares/ST/STM32_USB_Device_Library/Core/Src/usbd_ctlreq.c.obj
LOAD CMakeFiles/Oiler2018.elf.dir/Middlewares/ST/STM32_USB_Device_Library/Core/Src/usbd_ioreq.c.obj
LOAD CMakeFiles/Oiler2018.elf.dir/Middlewares/Third_Party/FreeRTOS/Source/CMSIS_RTOS/cmsis_os.c.obj
LOAD CMakeFiles/Oiler2018.elf.dir/Middlewares/Third_Party/FreeRTOS/Source/croutine.c.obj
LOAD CMakeFiles/Oiler2018.elf.dir/Middlewares/Third_Party/FreeRTOS/Source/event_groups.c.obj
LOAD CMakeFiles/Oiler2018.elf.dir/Middlewares/Third_Party/FreeRTOS/Source/list.c.obj
LOAD CMakeFiles/Oiler2018.elf.dir/Middlewares/Third_Party/FreeRTOS/Source/portable/GCC/ARM_CM3/port.c.obj
LOAD CMakeFiles/Oiler2018.elf.dir/Middlewares/Third_Party/FreeRTOS/Source/portable/MemMang/heap_4.c.obj
LOAD CMakeFiles/Oiler2018.elf.dir/Middlewares/Third_Party/FreeRTOS/Source/queue.c.obj
LOAD CMakeFiles/Oiler2018.elf.dir/Middlewares/Third_Party/FreeRTOS/Source/tasks.c.obj
LOAD CMakeFiles/Oiler2018.elf.dir/Middlewares/Third_Party/FreeRTOS/Source/timers.c.obj
LOAD CMakeFiles/Oiler2018.elf.dir/Src/freertos.c.obj
LOAD CMakeFiles/Oiler2018.elf.dir/Src/main.c.obj
LOAD CMakeFiles/Oiler2018.elf.dir/Src/stm32f1xx_hal_msp.c.obj
LOAD CMakeFiles/Oiler2018.elf.dir/Src/stm32f1xx_it.c.obj
LOAD CMakeFiles/Oiler2018.elf.dir/Src/system_stm32f1xx.c.obj
LOAD CMakeFiles/Oiler2018.elf.dir/Src/usb_device.c.obj
LOAD CMakeFiles/Oiler2018.elf.dir/Src/usbd_cdc_if.c.obj
LOAD CMakeFiles/Oiler2018.elf.dir/Src/usbd_conf.c.obj
LOAD CMakeFiles/Oiler2018.elf.dir/Src/usbd_desc.c.obj
LOAD CMakeFiles/Oiler2018.elf.dir/startup/startup_stm32f103xb.s.obj
START GROUP
LOAD c:/progra~2/gnutoo~1/72017-~1/bin/../lib/gcc/arm-none-eabi/7.2.1/thumb/v7-m\libgcc.a
LOAD c:/progra~2/gnutoo~1/72017-~1/bin/../lib/gcc/arm-none-eabi/7.2.1/../../../../arm-none-eabi/lib/thumb/v7-m\libg_nano.a
LOAD c:/progra~2/gnutoo~1/72017-~1/bin/../lib/gcc/arm-none-eabi/7.2.1/../../../../arm-none-eabi/lib/thumb/v7-m\libc_nano.a
END GROUP
START GROUP
LOAD c:/progra~2/gnutoo~1/72017-~1/bin/../lib/gcc/arm-none-eabi/7.2.1/thumb/v7-m\libgcc.a
LOAD c:/progra~2/gnutoo~1/72017-~1/bin/../lib/gcc/arm-none-eabi/7.2.1/../../../../arm-none-eabi/lib/thumb/v7-m\libc_nano.a
LOAD c:/progra~2/gnutoo~1/72017-~1/bin/../lib/gcc/arm-none-eabi/7.2.1/../../../../arm-none-eabi/lib/thumb/v7-m\libnosys.a
END GROUP
START GROUP
LOAD c:/progra~2/gnutoo~1/72017-~1/bin/../lib/gcc/arm-none-eabi/7.2.1/thumb/v7-m\libgcc.a
LOAD c:/progra~2/gnutoo~1/72017-~1/bin/../lib/gcc/arm-none-eabi/7.2.1/../../../../arm-none-eabi/lib/thumb/v7-m\libc_nano.a
LOAD c:/progra~2/gnutoo~1/72017-~1/bin/../lib/gcc/arm-none-eabi/7.2.1/../../../../arm-none-eabi/lib/thumb/v7-m\libnosys.a
END GROUP
LOAD c:/progra~2/gnutoo~1/72017-~1/bin/../lib/gcc/arm-none-eabi/7.2.1/thumb/v7-m/crtend.o
LOAD c:/progra~2/gnutoo~1/72017-~1/bin/../lib/gcc/arm-none-eabi/7.2.1/thumb/v7-m/crtn.o
                0x20005000                _estack = 0x20005000
                0x00000200                _Min_Heap_Size = 0x200
                0x00000400                _Min_Stack_Size = 0x400

.isr_vector     0x08000000      0x10c
                0x08000000                . = ALIGN (0x4)
 *(.isr_vector)
 .isr_vector    0x08000000      0x10c CMakeFiles/Oiler2018.elf.dir/startup/startup_stm32f103xb.s.obj
                0x08000000                g_pfnVectors
                0x0800010c                . = ALIGN (0x4)

.text           0x08000110     0xcca4
                0x08000110                . = ALIGN (0x4)
 *(.text)
 .text          0x08000110       0x40 c:/progra~2/gnutoo~1/72017-~1/bin/../lib/gcc/arm-none-eabi/7.2.1/thumb/v7-m/crtbegin.o
 .text          0x08000150      0x378 c:/progra~2/gnutoo~1/72017-~1/bin/../lib/gcc/arm-none-eabi/7.2.1/thumb/v7-m\libgcc.a(_arm_addsubdf3.o)
                0x08000150                __aeabi_drsub
                0x08000158                __aeabi_dsub
                0x08000158                __subdf3
                0x0800015c                __aeabi_dadd
                0x0800015c                __adddf3
                0x080003d4                __floatunsidf
                0x080003d4                __aeabi_ui2d
                0x080003f4                __floatsidf
                0x080003f4                __aeabi_i2d
                0x08000418                __aeabi_f2d
                0x08000418                __extendsfdf2
                0x0800045c                __floatundidf
                0x0800045c                __aeabi_ul2d
                0x0800046c                __floatdidf
                0x0800046c                __aeabi_l2d
 .text          0x080004c8      0x424 c:/progra~2/gnutoo~1/72017-~1/bin/../lib/gcc/arm-none-eabi/7.2.1/thumb/v7-m\libgcc.a(_arm_muldivdf3.o)
                0x080004c8                __aeabi_dmul
                0x080004c8                __muldf3
                0x0800071c                __divdf3
                0x0800071c                __aeabi_ddiv
 .text          0x080008ec      0x110 c:/progra~2/gnutoo~1/72017-~1/bin/../lib/gcc/arm-none-eabi/7.2.1/thumb/v7-m\libgcc.a(_arm_cmpdf2.o)
                0x080008ec                __gtdf2
                0x080008ec                __gedf2
                0x080008f4                __ltdf2
                0x080008f4                __ledf2
                0x080008fc                __nedf2
                0x080008fc                __eqdf2
                0x080008fc                __cmpdf2
                0x08000978                __aeabi_cdrcmple
                0x08000988                __aeabi_cdcmpeq
                0x08000988                __aeabi_cdcmple
                0x08000998                __aeabi_dcmpeq
                0x080009ac                __aeabi_dcmplt
                0x080009c0                __aeabi_dcmple
                0x080009d4                __aeabi_dcmpge
                0x080009e8                __aeabi_dcmpgt
 .text          0x080009fc       0x50 c:/progra~2/gnutoo~1/72017-~1/bin/../lib/gcc/arm-none-eabi/7.2.1/thumb/v7-m\libgcc.a(_arm_fixdfsi.o)
                0x080009fc                __aeabi_d2iz
                0x080009fc                __fixdfsi
 .text          0x08000a4c       0x40 c:/progra~2/gnutoo~1/72017-~1/bin/../lib/gcc/arm-none-eabi/7.2.1/thumb/v7-m\libgcc.a(_arm_fixunsdfsi.o)
                0x08000a4c                __aeabi_d2uiz
                0x08000a4c                __fixunsdfsi
 .text          0x08000a8c      0x21c c:/progra~2/gnutoo~1/72017-~1/bin/../lib/gcc/arm-none-eabi/7.2.1/thumb/v7-m\libgcc.a(_arm_addsubsf3.o)
                0x08000a8c                __aeabi_frsub
                0x08000a94                __subsf3
                0x08000a94                __aeabi_fsub
                0x08000a98                __aeabi_fadd
                0x08000a98                __addsf3
                0x08000bf8                __aeabi_ui2f
                0x08000bf8                __floatunsisf
                0x08000c00                __aeabi_i2f
                0x08000c00                __floatsisf
                0x08000c1c                __aeabi_ul2f
                0x08000c1c                __floatundisf
                0x08000c2c                __aeabi_l2f
                0x08000c2c                __floatdisf
 .text          0x08000ca8      0x2a0 c:/progra~2/gnutoo~1/72017-~1/bin/../lib/gcc/arm-none-eabi/7.2.1/thumb/v7-m\libgcc.a(_arm_muldivsf3.o)
                0x08000ca8                __mulsf3
                0x08000ca8                __aeabi_fmul
                0x08000e10                __aeabi_fdiv
                0x08000e10                __divsf3
 .text          0x08000f48       0x14 c:/progra~2/gnutoo~1/72017-~1/bin/../lib/gcc/arm-none-eabi/7.2.1/../../../../arm-none-eabi/lib/thumb/v7-m\libg_nano.a(lib_a-strcmp.o)
                0x08000f48                strcmp
 .text          0x08000f5c       0x10 c:/progra~2/gnutoo~1/72017-~1/bin/../lib/gcc/arm-none-eabi/7.2.1/../../../../arm-none-eabi/lib/thumb/v7-m\libg_nano.a(lib_a-strlen.o)
                0x08000f5c                strlen
 *(.text*)
 .text.HAL_Init
                0x08000f6c       0x2c CMakeFiles/Oiler2018.elf.dir/Drivers/STM32F1xx_HAL_Driver/Src/stm32f1xx_hal.c.obj
                0x08000f6c                HAL_Init
 .text.HAL_InitTick
                0x08000f98       0x60 CMakeFiles/Oiler2018.elf.dir/Drivers/STM32F1xx_HAL_Driver/Src/stm32f1xx_hal.c.obj
                0x08000f98                HAL_InitTick
 .text.HAL_IncTick
                0x08000ff8       0x24 CMakeFiles/Oiler2018.elf.dir/Drivers/STM32F1xx_HAL_Driver/Src/stm32f1xx_hal.c.obj
                0x08000ff8                HAL_IncTick
 .text.HAL_GetTick
                0x0800101c       0x14 CMakeFiles/Oiler2018.elf.dir/Drivers/STM32F1xx_HAL_Driver/Src/stm32f1xx_hal.c.obj
                0x0800101c                HAL_GetTick
 .text.NVIC_SetPriorityGrouping
                0x08001030       0x48 CMakeFiles/Oiler2018.elf.dir/Drivers/STM32F1xx_HAL_Driver/Src/stm32f1xx_hal_cortex.c.obj
 .text.NVIC_GetPriorityGrouping
                0x08001078       0x1c CMakeFiles/Oiler2018.elf.dir/Drivers/STM32F1xx_HAL_Driver/Src/stm32f1xx_hal_cortex.c.obj
 .text.NVIC_EnableIRQ
                0x08001094       0x30 CMakeFiles/Oiler2018.elf.dir/Drivers/STM32F1xx_HAL_Driver/Src/stm32f1xx_hal_cortex.c.obj
 .text.NVIC_SetPriority
                0x080010c4       0x54 CMakeFiles/Oiler2018.elf.dir/Drivers/STM32F1xx_HAL_Driver/Src/stm32f1xx_hal_cortex.c.obj
 .text.NVIC_EncodePriority
                0x08001118       0x64 CMakeFiles/Oiler2018.elf.dir/Drivers/STM32F1xx_HAL_Driver/Src/stm32f1xx_hal_cortex.c.obj
 .text.SysTick_Config
                0x0800117c       0x44 CMakeFiles/Oiler2018.elf.dir/Drivers/STM32F1xx_HAL_Driver/Src/stm32f1xx_hal_cortex.c.obj
 .text.HAL_NVIC_SetPriorityGrouping
                0x080011c0       0x16 CMakeFiles/Oiler2018.elf.dir/Drivers/STM32F1xx_HAL_Driver/Src/stm32f1xx_hal_cortex.c.obj
                0x080011c0                HAL_NVIC_SetPriorityGrouping
 .text.HAL_NVIC_SetPriority
                0x080011d6       0x38 CMakeFiles/Oiler2018.elf.dir/Drivers/STM32F1xx_HAL_Driver/Src/stm32f1xx_hal_cortex.c.obj
                0x080011d6                HAL_NVIC_SetPriority
 .text.HAL_NVIC_EnableIRQ
                0x0800120e       0x1c CMakeFiles/Oiler2018.elf.dir/Drivers/STM32F1xx_HAL_Driver/Src/stm32f1xx_hal_cortex.c.obj
                0x0800120e                HAL_NVIC_EnableIRQ
 .text.HAL_SYSTICK_Config
                0x0800122a       0x18 CMakeFiles/Oiler2018.elf.dir/Drivers/STM32F1xx_HAL_Driver/Src/stm32f1xx_hal_cortex.c.obj
                0x0800122a                HAL_SYSTICK_Config
 *fill*         0x08001242        0x2 
 .text.HAL_DMA_Abort_IT
                0x08001244       0xec CMakeFiles/Oiler2018.elf.dir/Drivers/STM32F1xx_HAL_Driver/Src/stm32f1xx_hal_dma.c.obj
                0x08001244                HAL_DMA_Abort_IT
 .text.HAL_GPIO_Init
                0x08001330      0x2bc CMakeFiles/Oiler2018.elf.dir/Drivers/STM32F1xx_HAL_Driver/Src/stm32f1xx_hal_gpio.c.obj
                0x08001330                HAL_GPIO_Init
 .text.HAL_GPIO_WritePin
                0x080015ec       0x30 CMakeFiles/Oiler2018.elf.dir/Drivers/STM32F1xx_HAL_Driver/Src/stm32f1xx_hal_gpio.c.obj
                0x080015ec                HAL_GPIO_WritePin
 .text.HAL_PCD_Init
                0x0800161c      0x1b4 CMakeFiles/Oiler2018.elf.dir/Drivers/STM32F1xx_HAL_Driver/Src/stm32f1xx_hal_pcd.c.obj
                0x0800161c                HAL_PCD_Init
 .text.HAL_PCD_Start
                0x080017d0       0x4c CMakeFiles/Oiler2018.elf.dir/Drivers/STM32F1xx_HAL_Driver/Src/stm32f1xx_hal_pcd.c.obj
                0x080017d0                HAL_PCD_Start
 .text.HAL_PCD_IRQHandler
                0x0800181c      0x204 CMakeFiles/Oiler2018.elf.dir/Drivers/STM32F1xx_HAL_Driver/Src/stm32f1xx_hal_pcd.c.obj
                0x0800181c                HAL_PCD_IRQHandler
 .text.HAL_PCD_SetAddress
                0x08001a20       0x4a CMakeFiles/Oiler2018.elf.dir/Drivers/STM32F1xx_HAL_Driver/Src/stm32f1xx_hal_pcd.c.obj
                0x08001a20                HAL_PCD_SetAddress
 .text.HAL_PCD_EP_Open
                0x08001a6a       0xaa CMakeFiles/Oiler2018.elf.dir/Drivers/STM32F1xx_HAL_Driver/Src/stm32f1xx_hal_pcd.c.obj
                0x08001a6a                HAL_PCD_EP_Open
 .text.HAL_PCD_EP_Close
                0x08001b14       0x8c CMakeFiles/Oiler2018.elf.dir/Drivers/STM32F1xx_HAL_Driver/Src/stm32f1xx_hal_pcd.c.obj
                0x08001b14                HAL_PCD_EP_Close
 .text.HAL_PCD_EP_Receive
                0x08001ba0       0x78 CMakeFiles/Oiler2018.elf.dir/Drivers/STM32F1xx_HAL_Driver/Src/stm32f1xx_hal_pcd.c.obj
                0x08001ba0                HAL_PCD_EP_Receive
 .text.HAL_PCD_EP_GetRxCount
                0x08001c18       0x2a CMakeFiles/Oiler2018.elf.dir/Drivers/STM32F1xx_HAL_Driver/Src/stm32f1xx_hal_pcd.c.obj
                0x08001c18                HAL_PCD_EP_GetRxCount
 .text.HAL_PCD_EP_Transmit
                0x08001c42       0x76 CMakeFiles/Oiler2018.elf.dir/Drivers/STM32F1xx_HAL_Driver/Src/stm32f1xx_hal_pcd.c.obj
                0x08001c42                HAL_PCD_EP_Transmit
 .text.HAL_PCD_EP_SetStall
                0x08001cb8       0xaa CMakeFiles/Oiler2018.elf.dir/Drivers/STM32F1xx_HAL_Driver/Src/stm32f1xx_hal_pcd.c.obj
                0x08001cb8                HAL_PCD_EP_SetStall
 .text.HAL_PCD_EP_ClrStall
                0x08001d62       0x8e CMakeFiles/Oiler2018.elf.dir/Drivers/STM32F1xx_HAL_Driver/Src/stm32f1xx_hal_pcd.c.obj
                0x08001d62                HAL_PCD_EP_ClrStall
 .text.PCD_EP_ISR_Handler
                0x08001df0      0x654 CMakeFiles/Oiler2018.elf.dir/Drivers/STM32F1xx_HAL_Driver/Src/stm32f1xx_hal_pcd.c.obj
 .text.HAL_PCDEx_PMAConfig
                0x08002444       0x7a CMakeFiles/Oiler2018.elf.dir/Drivers/STM32F1xx_HAL_Driver/Src/stm32f1xx_hal_pcd_ex.c.obj
                0x08002444                HAL_PCDEx_PMAConfig
 *fill*         0x080024be        0x2 
 .text.HAL_RCC_OscConfig
                0x080024c0      0x4c8 CMakeFiles/Oiler2018.elf.dir/Drivers/STM32F1xx_HAL_Driver/Src/stm32f1xx_hal_rcc.c.obj
                0x080024c0                HAL_RCC_OscConfig
 .text.HAL_RCC_ClockConfig
                0x08002988      0x218 CMakeFiles/Oiler2018.elf.dir/Drivers/STM32F1xx_HAL_Driver/Src/stm32f1xx_hal_rcc.c.obj
                0x08002988                HAL_RCC_ClockConfig
 .text.HAL_RCC_GetSysClockFreq
                0x08002ba0       0xc4 CMakeFiles/Oiler2018.elf.dir/Drivers/STM32F1xx_HAL_Driver/Src/stm32f1xx_hal_rcc.c.obj
                0x08002ba0                HAL_RCC_GetSysClockFreq
 .text.HAL_RCC_GetHCLKFreq
                0x08002c64       0x14 CMakeFiles/Oiler2018.elf.dir/Drivers/STM32F1xx_HAL_Driver/Src/stm32f1xx_hal_rcc.c.obj
                0x08002c64                HAL_RCC_GetHCLKFreq
 .text.HAL_RCC_GetPCLK1Freq
                0x08002c78       0x28 CMakeFiles/Oiler2018.elf.dir/Drivers/STM32F1xx_HAL_Driver/Src/stm32f1xx_hal_rcc.c.obj
                0x08002c78                HAL_RCC_GetPCLK1Freq
 .text.HAL_RCC_GetPCLK2Freq
                0x08002ca0       0x28 CMakeFiles/Oiler2018.elf.dir/Drivers/STM32F1xx_HAL_Driver/Src/stm32f1xx_hal_rcc.c.obj
                0x08002ca0                HAL_RCC_GetPCLK2Freq
 .text.RCC_Delay
                0x08002cc8       0x3c CMakeFiles/Oiler2018.elf.dir/Drivers/STM32F1xx_HAL_Driver/Src/stm32f1xx_hal_rcc.c.obj
 .text.HAL_RCCEx_PeriphCLKConfig
                0x08002d04      0x16c CMakeFiles/Oiler2018.elf.dir/Drivers/STM32F1xx_HAL_Driver/Src/stm32f1xx_hal_rcc_ex.c.obj
                0x08002d04                HAL_RCCEx_PeriphCLKConfig
 .text.HAL_UART_Init
                0x08002e70       0x9a CMakeFiles/Oiler2018.elf.dir/Drivers/STM32F1xx_HAL_Driver/Src/stm32f1xx_hal_uart.c.obj
                0x08002e70                HAL_UART_Init
 .text.HAL_UART_Transmit_IT
                0x08002f0a       0x88 CMakeFiles/Oiler2018.elf.dir/Drivers/STM32F1xx_HAL_Driver/Src/stm32f1xx_hal_uart.c.obj
                0x08002f0a                HAL_UART_Transmit_IT
 .text.HAL_UART_Receive_IT
                0x08002f92       0xa8 CMakeFiles/Oiler2018.elf.dir/Drivers/STM32F1xx_HAL_Driver/Src/stm32f1xx_hal_uart.c.obj
                0x08002f92                HAL_UART_Receive_IT
 *fill*         0x0800303a        0x2 
 .text.HAL_UART_IRQHandler
                0x0800303c      0x1f8 CMakeFiles/Oiler2018.elf.dir/Drivers/STM32F1xx_HAL_Driver/Src/stm32f1xx_hal_uart.c.obj
                0x0800303c                HAL_UART_IRQHandler
 .text.HAL_UART_TxCpltCallback
                0x08003234       0x12 CMakeFiles/Oiler2018.elf.dir/Drivers/STM32F1xx_HAL_Driver/Src/stm32f1xx_hal_uart.c.obj
                0x08003234                HAL_UART_TxCpltCallback
 .text.HAL_UART_ErrorCallback
                0x08003246       0x12 CMakeFiles/Oiler2018.elf.dir/Drivers/STM32F1xx_HAL_Driver/Src/stm32f1xx_hal_uart.c.obj
                0x08003246                HAL_UART_ErrorCallback
 .text.UART_EndRxTransfer
                0x08003258       0x3a CMakeFiles/Oiler2018.elf.dir/Drivers/STM32F1xx_HAL_Driver/Src/stm32f1xx_hal_uart.c.obj
 .text.UART_DMAAbortOnError
                0x08003292       0x28 CMakeFiles/Oiler2018.elf.dir/Drivers/STM32F1xx_HAL_Driver/Src/stm32f1xx_hal_uart.c.obj
 .text.UART_Transmit_IT
                0x080032ba       0xaa CMakeFiles/Oiler2018.elf.dir/Drivers/STM32F1xx_HAL_Driver/Src/stm32f1xx_hal_uart.c.obj
 .text.UART_EndTransmit_IT
                0x08003364       0x30 CMakeFiles/Oiler2018.elf.dir/Drivers/STM32F1xx_HAL_Driver/Src/stm32f1xx_hal_uart.c.obj
 .text.UART_Receive_IT
                0x08003394      0x102 CMakeFiles/Oiler2018.elf.dir/Drivers/STM32F1xx_HAL_Driver/Src/stm32f1xx_hal_uart.c.obj
 *fill*         0x08003496        0x2 
 .text.UART_SetConfig
                0x08003498      0x230 CMakeFiles/Oiler2018.elf.dir/Drivers/STM32F1xx_HAL_Driver/Src/stm32f1xx_hal_uart.c.obj
 .text.USB_CoreInit
                0x080036c8       0x20 CMakeFiles/Oiler2018.elf.dir/Drivers/STM32F1xx_HAL_Driver/Src/stm32f1xx_ll_usb.c.obj
                0x080036c8                USB_CoreInit
 .text.USB_EnableGlobalInt
                0x080036e8       0x34 CMakeFiles/Oiler2018.elf.dir/Drivers/STM32F1xx_HAL_Driver/Src/stm32f1xx_ll_usb.c.obj
                0x080036e8                USB_EnableGlobalInt
 .text.USB_DisableGlobalInt
                0x0800371c       0x38 CMakeFiles/Oiler2018.elf.dir/Drivers/STM32F1xx_HAL_Driver/Src/stm32f1xx_ll_usb.c.obj
                0x0800371c                USB_DisableGlobalInt
 .text.USB_SetCurrentMode
                0x08003754       0x18 CMakeFiles/Oiler2018.elf.dir/Drivers/STM32F1xx_HAL_Driver/Src/stm32f1xx_ll_usb.c.obj
                0x08003754                USB_SetCurrentMode
 .text.USB_DevInit
                0x0800376c       0x48 CMakeFiles/Oiler2018.elf.dir/Drivers/STM32F1xx_HAL_Driver/Src/stm32f1xx_ll_usb.c.obj
                0x0800376c                USB_DevInit
 .text.USB_ActivateEndpoint
                0x080037b4      0x584 CMakeFiles/Oiler2018.elf.dir/Drivers/STM32F1xx_HAL_Driver/Src/stm32f1xx_ll_usb.c.obj
                0x080037b4                USB_ActivateEndpoint
 .text.USB_DeactivateEndpoint
                0x08003d38      0x310 CMakeFiles/Oiler2018.elf.dir/Drivers/STM32F1xx_HAL_Driver/Src/stm32f1xx_ll_usb.c.obj
                0x08003d38                USB_DeactivateEndpoint
 .text.USB_EPStartXfer
                0x08004048      0x504 CMakeFiles/Oiler2018.elf.dir/Drivers/STM32F1xx_HAL_Driver/Src/stm32f1xx_ll_usb.c.obj
                0x08004048                USB_EPStartXfer
 .text.USB_EPSetStall
                0x0800454c       0xc0 CMakeFiles/Oiler2018.elf.dir/Drivers/STM32F1xx_HAL_Driver/Src/stm32f1xx_ll_usb.c.obj
                0x0800454c                USB_EPSetStall
 .text.USB_EPClearStall
                0x0800460c      0x114 CMakeFiles/Oiler2018.elf.dir/Drivers/STM32F1xx_HAL_Driver/Src/stm32f1xx_ll_usb.c.obj
                0x0800460c                USB_EPClearStall
 .text.USB_SetDevAddress
                0x08004720       0x26 CMakeFiles/Oiler2018.elf.dir/Drivers/STM32F1xx_HAL_Driver/Src/stm32f1xx_ll_usb.c.obj
                0x08004720                USB_SetDevAddress
 .text.USB_DevConnect
                0x08004746       0x14 CMakeFiles/Oiler2018.elf.dir/Drivers/STM32F1xx_HAL_Driver/Src/stm32f1xx_ll_usb.c.obj
                0x08004746                USB_DevConnect
 .text.USB_DevDisconnect
                0x0800475a       0x14 CMakeFiles/Oiler2018.elf.dir/Drivers/STM32F1xx_HAL_Driver/Src/stm32f1xx_ll_usb.c.obj
                0x0800475a                USB_DevDisconnect
 .text.USB_ReadInterrupts
                0x0800476e       0x22 CMakeFiles/Oiler2018.elf.dir/Drivers/STM32F1xx_HAL_Driver/Src/stm32f1xx_ll_usb.c.obj
                0x0800476e                USB_ReadInterrupts
 .text.USB_EP0_OutStart
                0x08004790       0x16 CMakeFiles/Oiler2018.elf.dir/Drivers/STM32F1xx_HAL_Driver/Src/stm32f1xx_ll_usb.c.obj
                0x08004790                USB_EP0_OutStart
 .text.USB_WritePMA
                0x080047a6       0x8c CMakeFiles/Oiler2018.elf.dir/Drivers/STM32F1xx_HAL_Driver/Src/stm32f1xx_ll_usb.c.obj
                0x080047a6                USB_WritePMA
 .text.USB_ReadPMA
                0x08004832       0x6a CMakeFiles/Oiler2018.elf.dir/Drivers/STM32F1xx_HAL_Driver/Src/stm32f1xx_ll_usb.c.obj
                0x08004832                USB_ReadPMA
 .text.case_insensitive_strcmp
                0x0800489c       0xe0 CMakeFiles/Oiler2018.elf.dir/Inc/cjson/cJSON.c.obj
 .text.cJSON_strdup
                0x0800497c       0x50 CMakeFiles/Oiler2018.elf.dir/Inc/cjson/cJSON.c.obj
 .text.cJSON_New_Item
                0x080049cc       0x2c CMakeFiles/Oiler2018.elf.dir/Inc/cjson/cJSON.c.obj
 .text.cJSON_Delete
                0x080049f8       0x90 CMakeFiles/Oiler2018.elf.dir/Inc/cjson/cJSON.c.obj
                0x080049f8                cJSON_Delete
 .text.get_decimal_point
                0x08004a88        0xe CMakeFiles/Oiler2018.elf.dir/Inc/cjson/cJSON.c.obj
 *fill*         0x08004a96        0x2 
 .text.parse_number
                0x08004a98      0x25c CMakeFiles/Oiler2018.elf.dir/Inc/cjson/cJSON.c.obj
 .text.ensure   0x08004cf4      0x13a CMakeFiles/Oiler2018.elf.dir/Inc/cjson/cJSON.c.obj
 .text.update_offset
                0x08004e2e       0x42 CMakeFiles/Oiler2018.elf.dir/Inc/cjson/cJSON.c.obj
 .text.print_number
                0x08004e70      0x160 CMakeFiles/Oiler2018.elf.dir/Inc/cjson/cJSON.c.obj
 .text.parse_hex4
                0x08004fd0       0xc2 CMakeFiles/Oiler2018.elf.dir/Inc/cjson/cJSON.c.obj
 *fill*         0x08005092        0x2 
 .text.utf16_literal_to_utf8
                0x08005094      0x1cc CMakeFiles/Oiler2018.elf.dir/Inc/cjson/cJSON.c.obj
 .text.parse_string
                0x08005260      0x360 CMakeFiles/Oiler2018.elf.dir/Inc/cjson/cJSON.c.obj
 .text.print_string_ptr
                0x080055c0      0x1e8 CMakeFiles/Oiler2018.elf.dir/Inc/cjson/cJSON.c.obj
 .text.print_string
                0x080057a8       0x20 CMakeFiles/Oiler2018.elf.dir/Inc/cjson/cJSON.c.obj
 .text.buffer_skip_whitespace
                0x080057c8       0x68 CMakeFiles/Oiler2018.elf.dir/Inc/cjson/cJSON.c.obj
 .text.skip_utf8_bom
                0x08005830       0x68 CMakeFiles/Oiler2018.elf.dir/Inc/cjson/cJSON.c.obj
 .text.cJSON_ParseWithOpts
                0x08005898      0x134 CMakeFiles/Oiler2018.elf.dir/Inc/cjson/cJSON.c.obj
                0x08005898                cJSON_ParseWithOpts
 .text.cJSON_Parse
                0x080059cc       0x1c CMakeFiles/Oiler2018.elf.dir/Inc/cjson/cJSON.c.obj
                0x080059cc                cJSON_Parse
 .text.print    0x080059e8      0x108 CMakeFiles/Oiler2018.elf.dir/Inc/cjson/cJSON.c.obj
 .text.cJSON_PrintUnformatted
                0x08005af0       0x20 CMakeFiles/Oiler2018.elf.dir/Inc/cjson/cJSON.c.obj
                0x08005af0                cJSON_PrintUnformatted
 .text.parse_value
                0x08005b10      0x1d8 CMakeFiles/Oiler2018.elf.dir/Inc/cjson/cJSON.c.obj
 .text.print_value
                0x08005ce8      0x14c CMakeFiles/Oiler2018.elf.dir/Inc/cjson/cJSON.c.obj
 .text.parse_array
                0x08005e34      0x17c CMakeFiles/Oiler2018.elf.dir/Inc/cjson/cJSON.c.obj
 .text.print_array
                0x08005fb0      0x10c CMakeFiles/Oiler2018.elf.dir/Inc/cjson/cJSON.c.obj
 .text.parse_object
                0x080060bc      0x1ea CMakeFiles/Oiler2018.elf.dir/Inc/cjson/cJSON.c.obj
 .text.print_object
                0x080062a6      0x23e CMakeFiles/Oiler2018.elf.dir/Inc/cjson/cJSON.c.obj
 .text.get_object_item
                0x080064e4       0x76 CMakeFiles/Oiler2018.elf.dir/Inc/cjson/cJSON.c.obj
 .text.cJSON_GetObjectItemCaseSensitive
                0x0800655a       0x1e CMakeFiles/Oiler2018.elf.dir/Inc/cjson/cJSON.c.obj
                0x0800655a                cJSON_GetObjectItemCaseSensitive
 .text.suffix_object
                0x08006578       0x20 CMakeFiles/Oiler2018.elf.dir/Inc/cjson/cJSON.c.obj
 .text.add_item_to_array
                0x08006598       0x52 CMakeFiles/Oiler2018.elf.dir/Inc/cjson/cJSON.c.obj
 .text.cast_away_const
                0x080065ea       0x14 CMakeFiles/Oiler2018.elf.dir/Inc/cjson/cJSON.c.obj
 .text.add_item_to_object
                0x080065fe       0xa2 CMakeFiles/Oiler2018.elf.dir/Inc/cjson/cJSON.c.obj
 .text.cJSON_AddStringToObject
                0x080066a0       0x44 CMakeFiles/Oiler2018.elf.dir/Inc/cjson/cJSON.c.obj
                0x080066a0                cJSON_AddStringToObject
 .text.cJSON_CreateString
                0x080066e4       0x4c CMakeFiles/Oiler2018.elf.dir/Inc/cjson/cJSON.c.obj
                0x080066e4                cJSON_CreateString
 .text.cJSON_CreateObject
                0x08006730       0x28 CMakeFiles/Oiler2018.elf.dir/Inc/cjson/cJSON.c.obj
                0x08006730                cJSON_CreateObject
 .text.cJSON_IsString
                0x08006758       0x2c CMakeFiles/Oiler2018.elf.dir/Inc/cjson/cJSON.c.obj
                0x08006758                cJSON_IsString
 .text.USBD_CDC_Init
                0x08006784       0xd2 CMakeFiles/Oiler2018.elf.dir/Middlewares/ST/STM32_USB_Device_Library/Class/CDC/Src/usbd_cdc.c.obj
 .text.USBD_CDC_DeInit
                0x08006856       0x5a CMakeFiles/Oiler2018.elf.dir/Middlewares/ST/STM32_USB_Device_Library/Class/CDC/Src/usbd_cdc.c.obj
 .text.USBD_CDC_Setup
                0x080068b0       0xbc CMakeFiles/Oiler2018.elf.dir/Middlewares/ST/STM32_USB_Device_Library/Class/CDC/Src/usbd_cdc.c.obj
 .text.USBD_CDC_DataIn
                0x0800696c       0x36 CMakeFiles/Oiler2018.elf.dir/Middlewares/ST/STM32_USB_Device_Library/Class/CDC/Src/usbd_cdc.c.obj
 .text.USBD_CDC_DataOut
                0x080069a2       0x56 CMakeFiles/Oiler2018.elf.dir/Middlewares/ST/STM32_USB_Device_Library/Class/CDC/Src/usbd_cdc.c.obj
 .text.USBD_CDC_EP0_RxReady
                0x080069f8       0x50 CMakeFiles/Oiler2018.elf.dir/Middlewares/ST/STM32_USB_Device_Library/Class/CDC/Src/usbd_cdc.c.obj
 .text.USBD_CDC_GetFSCfgDesc
                0x08006a48       0x20 CMakeFiles/Oiler2018.elf.dir/Middlewares/ST/STM32_USB_Device_Library/Class/CDC/Src/usbd_cdc.c.obj
 .text.USBD_CDC_GetHSCfgDesc
                0x08006a68       0x20 CMakeFiles/Oiler2018.elf.dir/Middlewares/ST/STM32_USB_Device_Library/Class/CDC/Src/usbd_cdc.c.obj
 .text.USBD_CDC_GetOtherSpeedCfgDesc
                0x08006a88       0x20 CMakeFiles/Oiler2018.elf.dir/Middlewares/ST/STM32_USB_Device_Library/Class/CDC/Src/usbd_cdc.c.obj
 .text.USBD_CDC_GetDeviceQualifierDescriptor
                0x08006aa8       0x20 CMakeFiles/Oiler2018.elf.dir/Middlewares/ST/STM32_USB_Device_Library/Class/CDC/Src/usbd_cdc.c.obj
                0x08006aa8                USBD_CDC_GetDeviceQualifierDescriptor
 .text.USBD_CDC_RegisterInterface
                0x08006ac8       0x2c CMakeFiles/Oiler2018.elf.dir/Middlewares/ST/STM32_USB_Device_Library/Class/CDC/Src/usbd_cdc.c.obj
                0x08006ac8                USBD_CDC_RegisterInterface
 .text.USBD_CDC_SetTxBuffer
                0x08006af4       0x32 CMakeFiles/Oiler2018.elf.dir/Middlewares/ST/STM32_USB_Device_Library/Class/CDC/Src/usbd_cdc.c.obj
                0x08006af4                USBD_CDC_SetTxBuffer
 .text.USBD_CDC_SetRxBuffer
                0x08006b26       0x26 CMakeFiles/Oiler2018.elf.dir/Middlewares/ST/STM32_USB_Device_Library/Class/CDC/Src/usbd_cdc.c.obj
                0x08006b26                USBD_CDC_SetRxBuffer
 .text.USBD_CDC_TransmitPacket
                0x08006b4c       0x54 CMakeFiles/Oiler2018.elf.dir/Middlewares/ST/STM32_USB_Device_Library/Class/CDC/Src/usbd_cdc.c.obj
                0x08006b4c                USBD_CDC_TransmitPacket
 .text.USBD_CDC_ReceivePacket
                0x08006ba0       0x54 CMakeFiles/Oiler2018.elf.dir/Middlewares/ST/STM32_USB_Device_Library/Class/CDC/Src/usbd_cdc.c.obj
                0x08006ba0                USBD_CDC_ReceivePacket
 .text.USBD_Init
                0x08006bf4       0x56 CMakeFiles/Oiler2018.elf.dir/Middlewares/ST/STM32_USB_Device_Library/Core/Src/usbd_core.c.obj
                0x08006bf4                USBD_Init
 .text.USBD_RegisterClass
                0x08006c4a       0x32 CMakeFiles/Oiler2018.elf.dir/Middlewares/ST/STM32_USB_Device_Library/Core/Src/usbd_core.c.obj
                0x08006c4a                USBD_RegisterClass
 .text.USBD_Start
                0x08006c7c       0x18 CMakeFiles/Oiler2018.elf.dir/Middlewares/ST/STM32_USB_Device_Library/Core/Src/usbd_core.c.obj
                0x08006c7c                USBD_Start
 .text.USBD_RunTestMode
                0x08006c94       0x14 CMakeFiles/Oiler2018.elf.dir/Middlewares/ST/STM32_USB_Device_Library/Core/Src/usbd_core.c.obj
                0x08006c94                USBD_RunTestMode
 .text.USBD_SetClassConfig
                0x08006ca8       0x3e CMakeFiles/Oiler2018.elf.dir/Middlewares/ST/STM32_USB_Device_Library/Core/Src/usbd_core.c.obj
                0x08006ca8                USBD_SetClassConfig
 .text.USBD_ClrClassConfig
                0x08006ce6       0x26 CMakeFiles/Oiler2018.elf.dir/Middlewares/ST/STM32_USB_Device_Library/Core/Src/usbd_core.c.obj
                0x08006ce6                USBD_ClrClassConfig
 .text.USBD_LL_SetupStage
                0x08006d0c       0x94 CMakeFiles/Oiler2018.elf.dir/Middlewares/ST/STM32_USB_Device_Library/Core/Src/usbd_core.c.obj
                0x08006d0c                USBD_LL_SetupStage
 .text.USBD_LL_DataOutStage
                0x08006da0       0xb6 CMakeFiles/Oiler2018.elf.dir/Middlewares/ST/STM32_USB_Device_Library/Core/Src/usbd_core.c.obj
                0x08006da0                USBD_LL_DataOutStage
 .text.USBD_LL_DataInStage
                0x08006e56      0x11e CMakeFiles/Oiler2018.elf.dir/Middlewares/ST/STM32_USB_Device_Library/Core/Src/usbd_core.c.obj
                0x08006e56                USBD_LL_DataInStage
 .text.USBD_LL_Reset
                0x08006f74       0x5e CMakeFiles/Oiler2018.elf.dir/Middlewares/ST/STM32_USB_Device_Library/Core/Src/usbd_core.c.obj
                0x08006f74                USBD_LL_Reset
 .text.USBD_LL_SetSpeed
                0x08006fd2       0x1e CMakeFiles/Oiler2018.elf.dir/Middlewares/ST/STM32_USB_Device_Library/Core/Src/usbd_core.c.obj
                0x08006fd2                USBD_LL_SetSpeed
 .text.USBD_LL_Suspend
                0x08006ff0       0x28 CMakeFiles/Oiler2018.elf.dir/Middlewares/ST/STM32_USB_Device_Library/Core/Src/usbd_core.c.obj
                0x08006ff0                USBD_LL_Suspend
 .text.USBD_LL_Resume
                0x08007018       0x20 CMakeFiles/Oiler2018.elf.dir/Middlewares/ST/STM32_USB_Device_Library/Core/Src/usbd_core.c.obj
                0x08007018                USBD_LL_Resume
 .text.USBD_LL_SOF
                0x08007038       0x34 CMakeFiles/Oiler2018.elf.dir/Middlewares/ST/STM32_USB_Device_Library/Core/Src/usbd_core.c.obj
                0x08007038                USBD_LL_SOF
 .text.USBD_StdDevReq
                0x0800706c       0xa0 CMakeFiles/Oiler2018.elf.dir/Middlewares/ST/STM32_USB_Device_Library/Core/Src/usbd_ctlreq.c.obj
                0x0800706c                USBD_StdDevReq
 .text.USBD_StdItfReq
                0x0800710c       0x66 CMakeFiles/Oiler2018.elf.dir/Middlewares/ST/STM32_USB_Device_Library/Core/Src/usbd_ctlreq.c.obj
                0x0800710c                USBD_StdItfReq
 .text.USBD_StdEPReq
                0x08007172      0x1b0 CMakeFiles/Oiler2018.elf.dir/Middlewares/ST/STM32_USB_Device_Library/Core/Src/usbd_ctlreq.c.obj
                0x08007172                USBD_StdEPReq
 *fill*         0x08007322        0x2 
 .text.USBD_GetDescriptor
                0x08007324      0x1e8 CMakeFiles/Oiler2018.elf.dir/Middlewares/ST/STM32_USB_Device_Library/Core/Src/usbd_ctlreq.c.obj
 .text.USBD_SetAddress
                0x0800750c       0x7c CMakeFiles/Oiler2018.elf.dir/Middlewares/ST/STM32_USB_Device_Library/Core/Src/usbd_ctlreq.c.obj
 .text.USBD_SetConfig
                0x08007588      0x110 CMakeFiles/Oiler2018.elf.dir/Middlewares/ST/STM32_USB_Device_Library/Core/Src/usbd_ctlreq.c.obj
 .text.USBD_GetConfig
                0x08007698       0x64 CMakeFiles/Oiler2018.elf.dir/Middlewares/ST/STM32_USB_Device_Library/Core/Src/usbd_ctlreq.c.obj
 .text.USBD_GetStatus
                0x080076fc       0x54 CMakeFiles/Oiler2018.elf.dir/Middlewares/ST/STM32_USB_Device_Library/Core/Src/usbd_ctlreq.c.obj
 .text.USBD_SetFeature
                0x08007750       0x36 CMakeFiles/Oiler2018.elf.dir/Middlewares/ST/STM32_USB_Device_Library/Core/Src/usbd_ctlreq.c.obj
 .text.USBD_ClrFeature
                0x08007786       0x50 CMakeFiles/Oiler2018.elf.dir/Middlewares/ST/STM32_USB_Device_Library/Core/Src/usbd_ctlreq.c.obj
 .text.USBD_ParseSetupRequest
                0x080077d6       0x78 CMakeFiles/Oiler2018.elf.dir/Middlewares/ST/STM32_USB_Device_Library/Core/Src/usbd_ctlreq.c.obj
                0x080077d6                USBD_ParseSetupRequest
 .text.USBD_CtlError
                0x0800784e       0x22 CMakeFiles/Oiler2018.elf.dir/Middlewares/ST/STM32_USB_Device_Library/Core/Src/usbd_ctlreq.c.obj
                0x0800784e                USBD_CtlError
 .text.USBD_GetString
                0x08007870       0x86 CMakeFiles/Oiler2018.elf.dir/Middlewares/ST/STM32_USB_Device_Library/Core/Src/usbd_ctlreq.c.obj
                0x08007870                USBD_GetString
 .text.USBD_GetLen
                0x080078f6       0x2e CMakeFiles/Oiler2018.elf.dir/Middlewares/ST/STM32_USB_Device_Library/Core/Src/usbd_ctlreq.c.obj
 .text.USBD_CtlSendData
                0x08007924       0x38 CMakeFiles/Oiler2018.elf.dir/Middlewares/ST/STM32_USB_Device_Library/Core/Src/usbd_ioreq.c.obj
                0x08007924                USBD_CtlSendData
 .text.USBD_CtlContinueSendData
                0x0800795c       0x24 CMakeFiles/Oiler2018.elf.dir/Middlewares/ST/STM32_USB_Device_Library/Core/Src/usbd_ioreq.c.obj
                0x0800795c                USBD_CtlContinueSendData
 .text.USBD_CtlPrepareRx
                0x08007980       0x3c CMakeFiles/Oiler2018.elf.dir/Middlewares/ST/STM32_USB_Device_Library/Core/Src/usbd_ioreq.c.obj
                0x08007980                USBD_CtlPrepareRx
 .text.USBD_CtlContinueRx
                0x080079bc       0x24 CMakeFiles/Oiler2018.elf.dir/Middlewares/ST/STM32_USB_Device_Library/Core/Src/usbd_ioreq.c.obj
                0x080079bc                USBD_CtlContinueRx
 .text.USBD_CtlSendStatus
                0x080079e0       0x26 CMakeFiles/Oiler2018.elf.dir/Middlewares/ST/STM32_USB_Device_Library/Core/Src/usbd_ioreq.c.obj
                0x080079e0                USBD_CtlSendStatus
 .text.USBD_CtlReceiveStatus
                0x08007a06       0x26 CMakeFiles/Oiler2018.elf.dir/Middlewares/ST/STM32_USB_Device_Library/Core/Src/usbd_ioreq.c.obj
                0x08007a06                USBD_CtlReceiveStatus
 .text.makeFreeRtosPriority
                0x08007a2c       0x2e CMakeFiles/Oiler2018.elf.dir/Middlewares/Third_Party/FreeRTOS/Source/CMSIS_RTOS/cmsis_os.c.obj
 .text.osKernelStart
                0x08007a5a        0xe CMakeFiles/Oiler2018.elf.dir/Middlewares/Third_Party/FreeRTOS/Source/CMSIS_RTOS/cmsis_os.c.obj
                0x08007a5a                osKernelStart
 .text.osThreadCreate
                0x08007a68       0x4e CMakeFiles/Oiler2018.elf.dir/Middlewares/Third_Party/FreeRTOS/Source/CMSIS_RTOS/cmsis_os.c.obj
                0x08007a68                osThreadCreate
 .text.osDelay  0x08007ab6       0x28 CMakeFiles/Oiler2018.elf.dir/Middlewares/Third_Party/FreeRTOS/Source/CMSIS_RTOS/cmsis_os.c.obj
                0x08007ab6                osDelay
 .text.osSystickHandler
                0x08007ade       0x16 CMakeFiles/Oiler2018.elf.dir/Middlewares/Third_Party/FreeRTOS/Source/CMSIS_RTOS/cmsis_os.c.obj
                0x08007ade                osSystickHandler
 .text.vListInitialise
                0x08007af4       0x3e CMakeFiles/Oiler2018.elf.dir/Middlewares/Third_Party/FreeRTOS/Source/list.c.obj
                0x08007af4                vListInitialise
 .text.vListInitialiseItem
                0x08007b32       0x18 CMakeFiles/Oiler2018.elf.dir/Middlewares/Third_Party/FreeRTOS/Source/list.c.obj
                0x08007b32                vListInitialiseItem
 .text.vListInsertEnd
                0x08007b4a       0x46 CMakeFiles/Oiler2018.elf.dir/Middlewares/Third_Party/FreeRTOS/Source/list.c.obj
                0x08007b4a                vListInsertEnd
 .text.vListInsert
                0x08007b90       0x70 CMakeFiles/Oiler2018.elf.dir/Middlewares/Third_Party/FreeRTOS/Source/list.c.obj
                0x08007b90                vListInsert
 .text.uxListRemove
                0x08007c00       0x52 CMakeFiles/Oiler2018.elf.dir/Middlewares/Third_Party/FreeRTOS/Source/list.c.obj
                0x08007c00                uxListRemove
 *fill*         0x08007c52        0x2 
 .text.pxPortInitialiseStack
                0x08007c54       0x58 CMakeFiles/Oiler2018.elf.dir/Middlewares/Third_Party/FreeRTOS/Source/portable/GCC/ARM_CM3/port.c.obj
                0x08007c54                pxPortInitialiseStack
 .text.prvTaskExitError
                0x08007cac       0x3c CMakeFiles/Oiler2018.elf.dir/Middlewares/Third_Party/FreeRTOS/Source/portable/GCC/ARM_CM3/port.c.obj
 *fill*         0x08007ce8        0x8 
 .text.SVC_Handler
                0x08007cf0       0x28 CMakeFiles/Oiler2018.elf.dir/Middlewares/Third_Party/FreeRTOS/Source/portable/GCC/ARM_CM3/port.c.obj
                0x08007cf0                SVC_Handler
 .text.prvPortStartFirstTask
                0x08007d18       0x20 CMakeFiles/Oiler2018.elf.dir/Middlewares/Third_Party/FreeRTOS/Source/portable/GCC/ARM_CM3/port.c.obj
 .text.xPortStartScheduler
                0x08007d38       0xbc CMakeFiles/Oiler2018.elf.dir/Middlewares/Third_Party/FreeRTOS/Source/portable/GCC/ARM_CM3/port.c.obj
                0x08007d38                xPortStartScheduler
 .text.vPortEnterCritical
                0x08007df4       0x5c CMakeFiles/Oiler2018.elf.dir/Middlewares/Third_Party/FreeRTOS/Source/portable/GCC/ARM_CM3/port.c.obj
                0x08007df4                vPortEnterCritical
 .text.vPortExitCritical
                0x08007e50       0x4c CMakeFiles/Oiler2018.elf.dir/Middlewares/Third_Party/FreeRTOS/Source/portable/GCC/ARM_CM3/port.c.obj
                0x08007e50                vPortExitCritical
 *fill*         0x08007e9c        0x4 
 .text.PendSV_Handler
                0x08007ea0       0x48 CMakeFiles/Oiler2018.elf.dir/Middlewares/Third_Party/FreeRTOS/Source/portable/GCC/ARM_CM3/port.c.obj
                0x08007ea0                PendSV_Handler
 .text.xPortSysTickHandler
                0x08007ee8       0x40 CMakeFiles/Oiler2018.elf.dir/Middlewares/Third_Party/FreeRTOS/Source/portable/GCC/ARM_CM3/port.c.obj
                0x08007ee8                xPortSysTickHandler
 .text.vPortSetupTimerInterrupt
                0x08007f28       0x34 CMakeFiles/Oiler2018.elf.dir/Middlewares/Third_Party/FreeRTOS/Source/portable/GCC/ARM_CM3/port.c.obj
                0x08007f28                vPortSetupTimerInterrupt
 .text.pvPortMalloc
                0x08007f5c      0x184 CMakeFiles/Oiler2018.elf.dir/Middlewares/Third_Party/FreeRTOS/Source/portable/MemMang/heap_4.c.obj
                0x08007f5c                pvPortMalloc
 .text.vPortFree
                0x080080e0       0xb0 CMakeFiles/Oiler2018.elf.dir/Middlewares/Third_Party/FreeRTOS/Source/portable/MemMang/heap_4.c.obj
                0x080080e0                vPortFree
 .text.prvHeapInit
                0x08008190       0xc4 CMakeFiles/Oiler2018.elf.dir/Middlewares/Third_Party/FreeRTOS/Source/portable/MemMang/heap_4.c.obj
 .text.prvInsertBlockIntoFreeList
                0x08008254       0xb0 CMakeFiles/Oiler2018.elf.dir/Middlewares/Third_Party/FreeRTOS/Source/portable/MemMang/heap_4.c.obj
 .text.xTaskCreate
                0x08008304       0x82 CMakeFiles/Oiler2018.elf.dir/Middlewares/Third_Party/FreeRTOS/Source/tasks.c.obj
                0x08008304                xTaskCreate
 .text.prvInitialiseNewTask
                0x08008386       0xfc CMakeFiles/Oiler2018.elf.dir/Middlewares/Third_Party/FreeRTOS/Source/tasks.c.obj
 *fill*         0x08008482        0x2 
 .text.prvAddNewTaskToReadyList
                0x08008484       0xd4 CMakeFiles/Oiler2018.elf.dir/Middlewares/Third_Party/FreeRTOS/Source/tasks.c.obj
 .text.vTaskDelay
                0x08008558       0x68 CMakeFiles/Oiler2018.elf.dir/Middlewares/Third_Party/FreeRTOS/Source/tasks.c.obj
                0x08008558                vTaskDelay
 .text.vTaskStartScheduler
                0x080085c0       0x8c CMakeFiles/Oiler2018.elf.dir/Middlewares/Third_Party/FreeRTOS/Source/tasks.c.obj
                0x080085c0                vTaskStartScheduler
 .text.vTaskSuspendAll
                0x0800864c       0x1c CMakeFiles/Oiler2018.elf.dir/Middlewares/Third_Party/FreeRTOS/Source/tasks.c.obj
                0x0800864c                vTaskSuspendAll
 .text.xTaskResumeAll
                0x08008668      0x138 CMakeFiles/Oiler2018.elf.dir/Middlewares/Third_Party/FreeRTOS/Source/tasks.c.obj
                0x08008668                xTaskResumeAll
 .text.xTaskIncrementTick
                0x080087a0      0x178 CMakeFiles/Oiler2018.elf.dir/Middlewares/Third_Party/FreeRTOS/Source/tasks.c.obj
                0x080087a0                xTaskIncrementTick
 .text.vTaskSwitchContext
                0x08008918       0xb4 CMakeFiles/Oiler2018.elf.dir/Middlewares/Third_Party/FreeRTOS/Source/tasks.c.obj
                0x08008918                vTaskSwitchContext
 .text.prvIdleTask
                0x080089cc       0x30 CMakeFiles/Oiler2018.elf.dir/Middlewares/Third_Party/FreeRTOS/Source/tasks.c.obj
 .text.prvInitialiseTaskLists
                0x080089fc       0x80 CMakeFiles/Oiler2018.elf.dir/Middlewares/Third_Party/FreeRTOS/Source/tasks.c.obj
 .text.prvCheckTasksWaitingTermination
                0x08008a7c       0x78 CMakeFiles/Oiler2018.elf.dir/Middlewares/Third_Party/FreeRTOS/Source/tasks.c.obj
 .text.prvDeleteTCB
                0x08008af4       0x20 CMakeFiles/Oiler2018.elf.dir/Middlewares/Third_Party/FreeRTOS/Source/tasks.c.obj
 .text.prvResetNextTaskUnblockTime
                0x08008b14       0x48 CMakeFiles/Oiler2018.elf.dir/Middlewares/Third_Party/FreeRTOS/Source/tasks.c.obj
 .text.xTaskGetSchedulerState
                0x08008b5c       0x3c CMakeFiles/Oiler2018.elf.dir/Middlewares/Third_Party/FreeRTOS/Source/tasks.c.obj
                0x08008b5c                xTaskGetSchedulerState
 .text.prvAddCurrentTaskToDelayedList
                0x08008b98       0xcc CMakeFiles/Oiler2018.elf.dir/Middlewares/Third_Party/FreeRTOS/Source/tasks.c.obj
 .text.JSON_Transmit
                0x08008c64       0x5c CMakeFiles/Oiler2018.elf.dir/Src/main.c.obj
                0x08008c64                JSON_Transmit
 .text.JSON_Receive
                0x08008cc0       0x78 CMakeFiles/Oiler2018.elf.dir/Src/main.c.obj
                0x08008cc0                JSON_Receive
 .text.LubeChain
                0x08008d38       0x60 CMakeFiles/Oiler2018.elf.dir/Src/main.c.obj
                0x08008d38                LubeChain
 .text.HAL_UART_RxCpltCallback
                0x08008d98       0xb4 CMakeFiles/Oiler2018.elf.dir/Src/main.c.obj
                0x08008d98                HAL_UART_RxCpltCallback
 .text.main     0x08008e4c       0x98 CMakeFiles/Oiler2018.elf.dir/Src/main.c.obj
                0x08008e4c                main
 .text.SystemClock_Config
                0x08008ee4       0xb4 CMakeFiles/Oiler2018.elf.dir/Src/main.c.obj
                0x08008ee4                SystemClock_Config
 .text.MX_USART1_UART_Init
                0x08008f98       0x54 CMakeFiles/Oiler2018.elf.dir/Src/main.c.obj
 .text.MX_GPIO_Init
                0x08008fec       0xfc CMakeFiles/Oiler2018.elf.dir/Src/main.c.obj
 .text.StartDefaultTask
                0x080090e8       0x60 CMakeFiles/Oiler2018.elf.dir/Src/main.c.obj
                0x080090e8                StartDefaultTask
 .text.StartLubeLimitCorrectTask
                0x08009148      0x1f4 CMakeFiles/Oiler2018.elf.dir/Src/main.c.obj
                0x08009148                StartLubeLimitCorrectTask
 .text.StartBLETransmitTask
                0x0800933c      0x140 CMakeFiles/Oiler2018.elf.dir/Src/main.c.obj
                0x0800933c                StartBLETransmitTask
 .text.Error_Handler
                0x0800947c        0xc CMakeFiles/Oiler2018.elf.dir/Src/main.c.obj
                0x0800947c                Error_Handler
 .text.HAL_MspInit
                0x08009488       0x70 CMakeFiles/Oiler2018.elf.dir/Src/stm32f1xx_hal_msp.c.obj
                0x08009488                HAL_MspInit
 .text.HAL_UART_MspInit
                0x080094f8       0xa8 CMakeFiles/Oiler2018.elf.dir/Src/stm32f1xx_hal_msp.c.obj
                0x080094f8                HAL_UART_MspInit
 .text.NMI_Handler
                0x080095a0        0xc CMakeFiles/Oiler2018.elf.dir/Src/stm32f1xx_it.c.obj
                0x080095a0                NMI_Handler
 .text.HardFault_Handler
                0x080095ac        0x6 CMakeFiles/Oiler2018.elf.dir/Src/stm32f1xx_it.c.obj
                0x080095ac                HardFault_Handler
 .text.MemManage_Handler
                0x080095b2        0x6 CMakeFiles/Oiler2018.elf.dir/Src/stm32f1xx_it.c.obj
                0x080095b2                MemManage_Handler
 .text.BusFault_Handler
                0x080095b8        0x6 CMakeFiles/Oiler2018.elf.dir/Src/stm32f1xx_it.c.obj
                0x080095b8                BusFault_Handler
 .text.UsageFault_Handler
                0x080095be        0x6 CMakeFiles/Oiler2018.elf.dir/Src/stm32f1xx_it.c.obj
                0x080095be                UsageFault_Handler
 .text.DebugMon_Handler
                0x080095c4        0xc CMakeFiles/Oiler2018.elf.dir/Src/stm32f1xx_it.c.obj
                0x080095c4                DebugMon_Handler
 .text.SysTick_Handler
                0x080095d0       0x10 CMakeFiles/Oiler2018.elf.dir/Src/stm32f1xx_it.c.obj
                0x080095d0                SysTick_Handler
 .text.USB_LP_CAN1_RX0_IRQHandler
                0x080095e0       0x14 CMakeFiles/Oiler2018.elf.dir/Src/stm32f1xx_it.c.obj
                0x080095e0                USB_LP_CAN1_RX0_IRQHandler
 .text.USART1_IRQHandler
                0x080095f4       0x14 CMakeFiles/Oiler2018.elf.dir/Src/stm32f1xx_it.c.obj
                0x080095f4                USART1_IRQHandler
 .text.SystemInit
                0x08009608       0x68 CMakeFiles/Oiler2018.elf.dir/Src/system_stm32f1xx.c.obj
                0x08009608                SystemInit
 .text.MX_USB_DEVICE_Init
                0x08009670       0x38 CMakeFiles/Oiler2018.elf.dir/Src/usb_device.c.obj
                0x08009670                MX_USB_DEVICE_Init
 .text.CDC_Init_FS
                0x080096a8       0x28 CMakeFiles/Oiler2018.elf.dir/Src/usbd_cdc_if.c.obj
 .text.CDC_DeInit_FS
                0x080096d0        0xe CMakeFiles/Oiler2018.elf.dir/Src/usbd_cdc_if.c.obj
 *fill*         0x080096de        0x2 
 .text.CDC_Control_FS
                0x080096e0       0xbc CMakeFiles/Oiler2018.elf.dir/Src/usbd_cdc_if.c.obj
 .text.CDC_Receive_FS
                0x0800979c       0x28 CMakeFiles/Oiler2018.elf.dir/Src/usbd_cdc_if.c.obj
 .text.CDC_Transmit_FS
                0x080097c4       0x4c CMakeFiles/Oiler2018.elf.dir/Src/usbd_cdc_if.c.obj
                0x080097c4                CDC_Transmit_FS
 .text.HAL_PCD_MspInit
                0x08009810       0x4c CMakeFiles/Oiler2018.elf.dir/Src/usbd_conf.c.obj
                0x08009810                HAL_PCD_MspInit
 .text.HAL_PCD_SetupStageCallback
                0x0800985c       0x24 CMakeFiles/Oiler2018.elf.dir/Src/usbd_conf.c.obj
                0x0800985c                HAL_PCD_SetupStageCallback
 .text.HAL_PCD_DataOutStageCallback
                0x08009880       0x30 CMakeFiles/Oiler2018.elf.dir/Src/usbd_conf.c.obj
                0x08009880                HAL_PCD_DataOutStageCallback
 .text.HAL_PCD_DataInStageCallback
                0x080098b0       0x2e CMakeFiles/Oiler2018.elf.dir/Src/usbd_conf.c.obj
                0x080098b0                HAL_PCD_DataInStageCallback
 .text.HAL_PCD_SOFCallback
                0x080098de       0x1c CMakeFiles/Oiler2018.elf.dir/Src/usbd_conf.c.obj
                0x080098de                HAL_PCD_SOFCallback
 .text.HAL_PCD_ResetCallback
                0x080098fa       0x44 CMakeFiles/Oiler2018.elf.dir/Src/usbd_conf.c.obj
                0x080098fa                HAL_PCD_ResetCallback
 *fill*         0x0800993e        0x2 
 .text.HAL_PCD_SuspendCallback
                0x08009940       0x34 CMakeFiles/Oiler2018.elf.dir/Src/usbd_conf.c.obj
                0x08009940                HAL_PCD_SuspendCallback
 .text.HAL_PCD_ResumeCallback
                0x08009974       0x1c CMakeFiles/Oiler2018.elf.dir/Src/usbd_conf.c.obj
                0x08009974                HAL_PCD_ResumeCallback
 .text.USBD_LL_Init
                0x08009990       0xb8 CMakeFiles/Oiler2018.elf.dir/Src/usbd_conf.c.obj
                0x08009990                USBD_LL_Init
 .text.USBD_LL_Start
                0x08009a48       0x64 CMakeFiles/Oiler2018.elf.dir/Src/usbd_conf.c.obj
                0x08009a48                USBD_LL_Start
 .text.USBD_LL_OpenEP
                0x08009aac       0x7c CMakeFiles/Oiler2018.elf.dir/Src/usbd_conf.c.obj
                0x08009aac                USBD_LL_OpenEP
 .text.USBD_LL_CloseEP
                0x08009b28       0x6c CMakeFiles/Oiler2018.elf.dir/Src/usbd_conf.c.obj
                0x08009b28                USBD_LL_CloseEP
 .text.USBD_LL_StallEP
                0x08009b94       0x6c CMakeFiles/Oiler2018.elf.dir/Src/usbd_conf.c.obj
                0x08009b94                USBD_LL_StallEP
 .text.USBD_LL_ClearStallEP
                0x08009c00       0x6c CMakeFiles/Oiler2018.elf.dir/Src/usbd_conf.c.obj
                0x08009c00                USBD_LL_ClearStallEP
 .text.USBD_LL_IsStallEP
                0x08009c6c       0x4a CMakeFiles/Oiler2018.elf.dir/Src/usbd_conf.c.obj
                0x08009c6c                USBD_LL_IsStallEP
 *fill*         0x08009cb6        0x2 
 .text.USBD_LL_SetUSBAddress
                0x08009cb8       0x6c CMakeFiles/Oiler2018.elf.dir/Src/usbd_conf.c.obj
                0x08009cb8                USBD_LL_SetUSBAddress
 .text.USBD_LL_Transmit
                0x08009d24       0x74 CMakeFiles/Oiler2018.elf.dir/Src/usbd_conf.c.obj
                0x08009d24                USBD_LL_Transmit
 .text.USBD_LL_PrepareReceive
                0x08009d98       0x74 CMakeFiles/Oiler2018.elf.dir/Src/usbd_conf.c.obj
                0x08009d98                USBD_LL_PrepareReceive
 .text.USBD_LL_GetRxDataSize
                0x08009e0c       0x26 CMakeFiles/Oiler2018.elf.dir/Src/usbd_conf.c.obj
                0x08009e0c                USBD_LL_GetRxDataSize
 *fill*         0x08009e32        0x2 
 .text.USBD_static_malloc
                0x08009e34       0x18 CMakeFiles/Oiler2018.elf.dir/Src/usbd_conf.c.obj
                0x08009e34                USBD_static_malloc
 .text.USBD_static_free
                0x08009e4c       0x12 CMakeFiles/Oiler2018.elf.dir/Src/usbd_conf.c.obj
                0x08009e4c                USBD_static_free
 .text.HAL_PCDEx_SetConnectionState
                0x08009e5e       0x16 CMakeFiles/Oiler2018.elf.dir/Src/usbd_conf.c.obj
                0x08009e5e                HAL_PCDEx_SetConnectionState
 .text.USBD_FS_DeviceDescriptor
                0x08009e74       0x24 CMakeFiles/Oiler2018.elf.dir/Src/usbd_desc.c.obj
                0x08009e74                USBD_FS_DeviceDescriptor
 .text.USBD_FS_LangIDStrDescriptor
                0x08009e98       0x24 CMakeFiles/Oiler2018.elf.dir/Src/usbd_desc.c.obj
                0x08009e98                USBD_FS_LangIDStrDescriptor
 .text.USBD_FS_ProductStrDescriptor
                0x08009ebc       0x3c CMakeFiles/Oiler2018.elf.dir/Src/usbd_desc.c.obj
                0x08009ebc                USBD_FS_ProductStrDescriptor
 .text.USBD_FS_ManufacturerStrDescriptor
                0x08009ef8       0x28 CMakeFiles/Oiler2018.elf.dir/Src/usbd_desc.c.obj
                0x08009ef8                USBD_FS_ManufacturerStrDescriptor
 .text.USBD_FS_SerialStrDescriptor
                0x08009f20       0x3c CMakeFiles/Oiler2018.elf.dir/Src/usbd_desc.c.obj
                0x08009f20                USBD_FS_SerialStrDescriptor
 .text.USBD_FS_ConfigStrDescriptor
                0x08009f5c       0x3c CMakeFiles/Oiler2018.elf.dir/Src/usbd_desc.c.obj
                0x08009f5c                USBD_FS_ConfigStrDescriptor
 .text.USBD_FS_InterfaceStrDescriptor
                0x08009f98       0x3c CMakeFiles/Oiler2018.elf.dir/Src/usbd_desc.c.obj
                0x08009f98                USBD_FS_InterfaceStrDescriptor
 .text.Reset_Handler
                0x08009fd4       0x48 CMakeFiles/Oiler2018.elf.dir/startup/startup_stm32f103xb.s.obj
                0x08009fd4                Reset_Handler
 .text.Default_Handler
                0x0800a01c        0x2 CMakeFiles/Oiler2018.elf.dir/startup/startup_stm32f103xb.s.obj
                0x0800a01c                RTC_Alarm_IRQHandler
                0x0800a01c                EXTI2_IRQHandler
                0x0800a01c                TIM1_CC_IRQHandler
                0x0800a01c                PVD_IRQHandler
                0x0800a01c                EXTI3_IRQHandler
                0x0800a01c                EXTI0_IRQHandler
                0x0800a01c                I2C2_EV_IRQHandler
                0x0800a01c                ADC1_2_IRQHandler
                0x0800a01c                SPI1_IRQHandler
                0x0800a01c                TAMPER_IRQHandler
                0x0800a01c                DMA1_Channel4_IRQHandler
                0x0800a01c                USART3_IRQHandler
                0x0800a01c                RTC_IRQHandler
                0x0800a01c                DMA1_Channel7_IRQHandler
                0x0800a01c                CAN1_RX1_IRQHandler
                0x0800a01c                TIM4_IRQHandler
                0x0800a01c                I2C1_EV_IRQHandler
                0x0800a01c                DMA1_Channel6_IRQHandler
                0x0800a01c                TIM3_IRQHandler
                0x0800a01c                RCC_IRQHandler
                0x0800a01c                TIM1_TRG_COM_IRQHandler
                0x0800a01c                DMA1_Channel1_IRQHandler
                0x0800a01c                Default_Handler
                0x0800a01c                EXTI15_10_IRQHandler
                0x0800a01c                EXTI9_5_IRQHandler
                0x0800a01c                SPI2_IRQHandler
                0x0800a01c                DMA1_Channel5_IRQHandler
                0x0800a01c                EXTI4_IRQHandler
                0x0800a01c                USB_HP_CAN1_TX_IRQHandler
                0x0800a01c                DMA1_Channel3_IRQHandler
                0x0800a01c                TIM1_UP_IRQHandler
                0x0800a01c                WWDG_IRQHandler
                0x0800a01c                TIM2_IRQHandler
                0x0800a01c                TIM1_BRK_IRQHandler
                0x0800a01c                EXTI1_IRQHandler
                0x0800a01c                USART2_IRQHandler
                0x0800a01c                I2C2_ER_IRQHandler
                0x0800a01c                DMA1_Channel2_IRQHandler
                0x0800a01c                CAN1_SCE_IRQHandler
                0x0800a01c                FLASH_IRQHandler
                0x0800a01c                I2C1_ER_IRQHandler
                0x0800a01c                USBWakeUp_IRQHandler
 *fill*         0x0800a01e        0x2 
 .text.__libc_init_array
                0x0800a020       0x48 c:/progra~2/gnutoo~1/72017-~1/bin/../lib/gcc/arm-none-eabi/7.2.1/../../../../arm-none-eabi/lib/thumb/v7-m\libg_nano.a(lib_a-init.o)
                0x0800a020                __libc_init_array
 .text.__locale_ctype_ptr_l
                0x0800a068        0x6 c:/progra~2/gnutoo~1/72017-~1/bin/../lib/gcc/arm-none-eabi/7.2.1/../../../../arm-none-eabi/lib/thumb/v7-m\libg_nano.a(lib_a-locale.o)
                0x0800a068                __locale_ctype_ptr_l
 *fill*         0x0800a06e        0x2 
 .text.__locale_ctype_ptr
                0x0800a070       0x1c c:/progra~2/gnutoo~1/72017-~1/bin/../lib/gcc/arm-none-eabi/7.2.1/../../../../arm-none-eabi/lib/thumb/v7-m\libg_nano.a(lib_a-locale.o)
                0x0800a070                __locale_ctype_ptr
 .text.malloc   0x0800a08c       0x10 c:/progra~2/gnutoo~1/72017-~1/bin/../lib/gcc/arm-none-eabi/7.2.1/../../../../arm-none-eabi/lib/thumb/v7-m\libg_nano.a(lib_a-malloc.o)
                0x0800a08c                malloc
 .text.free     0x0800a09c       0x10 c:/progra~2/gnutoo~1/72017-~1/bin/../lib/gcc/arm-none-eabi/7.2.1/../../../../arm-none-eabi/lib/thumb/v7-m\libg_nano.a(lib_a-malloc.o)
                0x0800a09c                free
 .text.__ascii_mbtowc
                0x0800a0ac       0x24 c:/progra~2/gnutoo~1/72017-~1/bin/../lib/gcc/arm-none-eabi/7.2.1/../../../../arm-none-eabi/lib/thumb/v7-m\libg_nano.a(lib_a-mbtowc_r.o)
                0x0800a0ac                __ascii_mbtowc
 .text.memcpy   0x0800a0d0       0x16 c:/progra~2/gnutoo~1/72017-~1/bin/../lib/gcc/arm-none-eabi/7.2.1/../../../../arm-none-eabi/lib/thumb/v7-m\libg_nano.a(lib_a-memcpy-stub.o)
                0x0800a0d0                memcpy
 .text.memset   0x0800a0e6       0x10 c:/progra~2/gnutoo~1/72017-~1/bin/../lib/gcc/arm-none-eabi/7.2.1/../../../../arm-none-eabi/lib/thumb/v7-m\libg_nano.a(lib_a-memset.o)
                0x0800a0e6                memset
 *fill*         0x0800a0f6        0x2 
 .text._free_r  0x0800a0f8       0x98 c:/progra~2/gnutoo~1/72017-~1/bin/../lib/gcc/arm-none-eabi/7.2.1/../../../../arm-none-eabi/lib/thumb/v7-m\libg_nano.a(lib_a-nano-freer.o)
                0x0800a0f8                _free_r
 .text._malloc_r
                0x0800a190       0xb4 c:/progra~2/gnutoo~1/72017-~1/bin/../lib/gcc/arm-none-eabi/7.2.1/../../../../arm-none-eabi/lib/thumb/v7-m\libg_nano.a(lib_a-nano-mallocr.o)
                0x0800a190                _malloc_r
 .text.realloc  0x0800a244       0x10 c:/progra~2/gnutoo~1/72017-~1/bin/../lib/gcc/arm-none-eabi/7.2.1/../../../../arm-none-eabi/lib/thumb/v7-m\libg_nano.a(lib_a-realloc.o)
                0x0800a244                realloc
 .text._sbrk_r  0x0800a254       0x20 c:/progra~2/gnutoo~1/72017-~1/bin/../lib/gcc/arm-none-eabi/7.2.1/../../../../arm-none-eabi/lib/thumb/v7-m\libg_nano.a(lib_a-sbrkr.o)
                0x0800a254                _sbrk_r
 .text.sprintf  0x0800a274       0x40 c:/progra~2/gnutoo~1/72017-~1/bin/../lib/gcc/arm-none-eabi/7.2.1/../../../../arm-none-eabi/lib/thumb/v7-m\libg_nano.a(lib_a-sprintf.o)
                0x0800a274                siprintf
                0x0800a274                sprintf
 .text.sscanf   0x0800a2b4       0x54 c:/progra~2/gnutoo~1/72017-~1/bin/../lib/gcc/arm-none-eabi/7.2.1/../../../../arm-none-eabi/lib/thumb/v7-m\libg_nano.a(lib_a-sscanf.o)
                0x0800a2b4                siscanf
                0x0800a2b4                sscanf
 .text.__seofread
                0x0800a308        0x4 c:/progra~2/gnutoo~1/72017-~1/bin/../lib/gcc/arm-none-eabi/7.2.1/../../../../arm-none-eabi/lib/thumb/v7-m\libg_nano.a(lib_a-stdio.o)
                0x0800a308                __seofread
 .text.strncmp  0x0800a30c       0x24 c:/progra~2/gnutoo~1/72017-~1/bin/../lib/gcc/arm-none-eabi/7.2.1/../../../../arm-none-eabi/lib/thumb/v7-m\libg_nano.a(lib_a-strncmp.o)
                0x0800a30c                strncmp
 .text.unlikely.sulp
                0x0800a330       0x42 c:/progra~2/gnutoo~1/72017-~1/bin/../lib/gcc/arm-none-eabi/7.2.1/../../../../arm-none-eabi/lib/thumb/v7-m\libg_nano.a(lib_a-strtod.o)
 *fill*         0x0800a372        0x6 
 .text._strtod_l
                0x0800a378      0xc00 c:/progra~2/gnutoo~1/72017-~1/bin/../lib/gcc/arm-none-eabi/7.2.1/../../../../arm-none-eabi/lib/thumb/v7-m\libg_nano.a(lib_a-strtod.o)
                0x0800a378                _strtod_l
 .text.strtod   0x0800af78       0x24 c:/progra~2/gnutoo~1/72017-~1/bin/../lib/gcc/arm-none-eabi/7.2.1/../../../../arm-none-eabi/lib/thumb/v7-m\libg_nano.a(lib_a-strtod.o)
                0x0800af78                strtod
 .text.__ascii_wctomb
                0x0800af9c       0x1a c:/progra~2/gnutoo~1/72017-~1/bin/../lib/gcc/arm-none-eabi/7.2.1/../../../../arm-none-eabi/lib/thumb/v7-m\libg_nano.a(lib_a-wctomb_r.o)
                0x0800af9c                __ascii_wctomb
 .text.rshift   0x0800afb6       0x76 c:/progra~2/gnutoo~1/72017-~1/bin/../lib/gcc/arm-none-eabi/7.2.1/../../../../arm-none-eabi/lib/thumb/v7-m\libg_nano.a(lib_a-gdtoa-gethex.o)
 .text.__hexdig_fun
                0x0800b02c       0x2a c:/progra~2/gnutoo~1/72017-~1/bin/../lib/gcc/arm-none-eabi/7.2.1/../../../../arm-none-eabi/lib/thumb/v7-m\libg_nano.a(lib_a-gdtoa-gethex.o)
                0x0800b02c                __hexdig_fun
 .text.__gethex
                0x0800b056      0x444 c:/progra~2/gnutoo~1/72017-~1/bin/../lib/gcc/arm-none-eabi/7.2.1/../../../../arm-none-eabi/lib/thumb/v7-m\libg_nano.a(lib_a-gdtoa-gethex.o)
                0x0800b056                __gethex
 .text.L_shift  0x0800b49a       0x24 c:/progra~2/gnutoo~1/72017-~1/bin/../lib/gcc/arm-none-eabi/7.2.1/../../../../arm-none-eabi/lib/thumb/v7-m\libg_nano.a(lib_a-gdtoa-hexnan.o)
 .text.__match  0x0800b4be       0x28 c:/progra~2/gnutoo~1/72017-~1/bin/../lib/gcc/arm-none-eabi/7.2.1/../../../../arm-none-eabi/lib/thumb/v7-m\libg_nano.a(lib_a-gdtoa-hexnan.o)
                0x0800b4be                __match
 .text.__hexnan
                0x0800b4e6      0x120 c:/progra~2/gnutoo~1/72017-~1/bin/../lib/gcc/arm-none-eabi/7.2.1/../../../../arm-none-eabi/lib/thumb/v7-m\libg_nano.a(lib_a-gdtoa-hexnan.o)
                0x0800b4e6                __hexnan
 .text.__localeconv_l
                0x0800b606        0x4 c:/progra~2/gnutoo~1/72017-~1/bin/../lib/gcc/arm-none-eabi/7.2.1/../../../../arm-none-eabi/lib/thumb/v7-m\libg_nano.a(lib_a-localeconv.o)
                0x0800b606                __localeconv_l
 .text.__malloc_lock
                0x0800b60a        0x2 c:/progra~2/gnutoo~1/72017-~1/bin/../lib/gcc/arm-none-eabi/7.2.1/../../../../arm-none-eabi/lib/thumb/v7-m\libg_nano.a(lib_a-mlock.o)
                0x0800b60a                __malloc_lock
 .text.__malloc_unlock
                0x0800b60c        0x2 c:/progra~2/gnutoo~1/72017-~1/bin/../lib/gcc/arm-none-eabi/7.2.1/../../../../arm-none-eabi/lib/thumb/v7-m\libg_nano.a(lib_a-mlock.o)
                0x0800b60c                __malloc_unlock
 .text._Balloc  0x0800b60e       0x68 c:/progra~2/gnutoo~1/72017-~1/bin/../lib/gcc/arm-none-eabi/7.2.1/../../../../arm-none-eabi/lib/thumb/v7-m\libg_nano.a(lib_a-mprec.o)
                0x0800b60e                _Balloc
 .text._Bfree   0x0800b676       0x2e c:/progra~2/gnutoo~1/72017-~1/bin/../lib/gcc/arm-none-eabi/7.2.1/../../../../arm-none-eabi/lib/thumb/v7-m\libg_nano.a(lib_a-mprec.o)
                0x0800b676                _Bfree
 .text.__multadd
                0x0800b6a4       0x76 c:/progra~2/gnutoo~1/72017-~1/bin/../lib/gcc/arm-none-eabi/7.2.1/../../../../arm-none-eabi/lib/thumb/v7-m\libg_nano.a(lib_a-mprec.o)
                0x0800b6a4                __multadd
 .text.__s2b    0x0800b71a       0x7c c:/progra~2/gnutoo~1/72017-~1/bin/../lib/gcc/arm-none-eabi/7.2.1/../../../../arm-none-eabi/lib/thumb/v7-m\libg_nano.a(lib_a-mprec.o)
                0x0800b71a                __s2b
 .text.__hi0bits
                0x0800b796       0x3e c:/progra~2/gnutoo~1/72017-~1/bin/../lib/gcc/arm-none-eabi/7.2.1/../../../../arm-none-eabi/lib/thumb/v7-m\libg_nano.a(lib_a-mprec.o)
                0x0800b796                __hi0bits
 .text.__lo0bits
                0x0800b7d4       0x5e c:/progra~2/gnutoo~1/72017-~1/bin/../lib/gcc/arm-none-eabi/7.2.1/../../../../arm-none-eabi/lib/thumb/v7-m\libg_nano.a(lib_a-mprec.o)
                0x0800b7d4                __lo0bits
 .text.__i2b    0x0800b832       0x12 c:/progra~2/gnutoo~1/72017-~1/bin/../lib/gcc/arm-none-eabi/7.2.1/../../../../arm-none-eabi/lib/thumb/v7-m\libg_nano.a(lib_a-mprec.o)
                0x0800b832                __i2b
 .text.__multiply
                0x0800b844      0x12a c:/progra~2/gnutoo~1/72017-~1/bin/../lib/gcc/arm-none-eabi/7.2.1/../../../../arm-none-eabi/lib/thumb/v7-m\libg_nano.a(lib_a-mprec.o)
                0x0800b844                __multiply
 *fill*         0x0800b96e        0x2 
 .text.__pow5mult
                0x0800b970       0x9c c:/progra~2/gnutoo~1/72017-~1/bin/../lib/gcc/arm-none-eabi/7.2.1/../../../../arm-none-eabi/lib/thumb/v7-m\libg_nano.a(lib_a-mprec.o)
                0x0800b970                __pow5mult
 .text.__lshift
                0x0800ba0c       0xa8 c:/progra~2/gnutoo~1/72017-~1/bin/../lib/gcc/arm-none-eabi/7.2.1/../../../../arm-none-eabi/lib/thumb/v7-m\libg_nano.a(lib_a-mprec.o)
                0x0800ba0c                __lshift
 .text.__mcmp   0x0800bab4       0x34 c:/progra~2/gnutoo~1/72017-~1/bin/../lib/gcc/arm-none-eabi/7.2.1/../../../../arm-none-eabi/lib/thumb/v7-m\libg_nano.a(lib_a-mprec.o)
                0x0800bab4                __mcmp
 .text.__mdiff  0x0800bae8       0xbc c:/progra~2/gnutoo~1/72017-~1/bin/../lib/gcc/arm-none-eabi/7.2.1/../../../../arm-none-eabi/lib/thumb/v7-m\libg_nano.a(lib_a-mprec.o)
                0x0800bae8                __mdiff
 .text.__ulp    0x0800bba4       0x48 c:/progra~2/gnutoo~1/72017-~1/bin/../lib/gcc/arm-none-eabi/7.2.1/../../../../arm-none-eabi/lib/thumb/v7-m\libg_nano.a(lib_a-mprec.o)
                0x0800bba4                __ulp
 .text.__b2d    0x0800bbec       0xa4 c:/progra~2/gnutoo~1/72017-~1/bin/../lib/gcc/arm-none-eabi/7.2.1/../../../../arm-none-eabi/lib/thumb/v7-m\libg_nano.a(lib_a-mprec.o)
                0x0800bbec                __b2d
 .text.__d2b    0x0800bc90       0x9e c:/progra~2/gnutoo~1/72017-~1/bin/../lib/gcc/arm-none-eabi/7.2.1/../../../../arm-none-eabi/lib/thumb/v7-m\libg_nano.a(lib_a-mprec.o)
                0x0800bc90                __d2b
 .text.__ratio  0x0800bd2e       0x5c c:/progra~2/gnutoo~1/72017-~1/bin/../lib/gcc/arm-none-eabi/7.2.1/../../../../arm-none-eabi/lib/thumb/v7-m\libg_nano.a(lib_a-mprec.o)
                0x0800bd2e                __ratio
 .text.__copybits
                0x0800bd8a       0x34 c:/progra~2/gnutoo~1/72017-~1/bin/../lib/gcc/arm-none-eabi/7.2.1/../../../../arm-none-eabi/lib/thumb/v7-m\libg_nano.a(lib_a-mprec.o)
                0x0800bd8a                __copybits
 .text.__any_on
                0x0800bdbe       0x42 c:/progra~2/gnutoo~1/72017-~1/bin/../lib/gcc/arm-none-eabi/7.2.1/../../../../arm-none-eabi/lib/thumb/v7-m\libg_nano.a(lib_a-mprec.o)
                0x0800bdbe                __any_on
 .text._calloc_r
                0x0800be00       0x1c c:/progra~2/gnutoo~1/72017-~1/bin/../lib/gcc/arm-none-eabi/7.2.1/../../../../arm-none-eabi/lib/thumb/v7-m\libg_nano.a(lib_a-nano-callocr.o)
                0x0800be00                _calloc_r
 .text._realloc_r
                0x0800be1c       0x4c c:/progra~2/gnutoo~1/72017-~1/bin/../lib/gcc/arm-none-eabi/7.2.1/../../../../arm-none-eabi/lib/thumb/v7-m\libg_nano.a(lib_a-nano-reallocr.o)
                0x0800be1c                _realloc_r
 .text.__ssputs_r
                0x0800be68       0xb4 c:/progra~2/gnutoo~1/72017-~1/bin/../lib/gcc/arm-none-eabi/7.2.1/../../../../arm-none-eabi/lib/thumb/v7-m\libg_nano.a(lib_a-nano-svfprintf.o)
                0x0800be68                __ssputs_r
 .text._svfprintf_r
                0x0800bf1c      0x1ec c:/progra~2/gnutoo~1/72017-~1/bin/../lib/gcc/arm-none-eabi/7.2.1/../../../../arm-none-eabi/lib/thumb/v7-m\libg_nano.a(lib_a-nano-svfprintf.o)
                0x0800bf1c                _svfiprintf_r
                0x0800bf1c                _svfprintf_r
 .text._sungetc_r
                0x0800c108       0x7a c:/progra~2/gnutoo~1/72017-~1/bin/../lib/gcc/arm-none-eabi/7.2.1/../../../../arm-none-eabi/lib/thumb/v7-m\libg_nano.a(lib_a-nano-svfscanf.o)
                0x0800c108                _sungetc_r
 .text.__ssrefill_r
                0x0800c182       0x3a c:/progra~2/gnutoo~1/72017-~1/bin/../lib/gcc/arm-none-eabi/7.2.1/../../../../arm-none-eabi/lib/thumb/v7-m\libg_nano.a(lib_a-nano-svfscanf.o)
                0x0800c182                __ssrefill_r
 .text.__ssvfscanf_r
                0x0800c1bc      0x2a0 c:/progra~2/gnutoo~1/72017-~1/bin/../lib/gcc/arm-none-eabi/7.2.1/../../../../arm-none-eabi/lib/thumb/v7-m\libg_nano.a(lib_a-nano-svfscanf.o)
                0x0800c1bc                __ssvfiscanf_r
                0x0800c1bc                __ssvfscanf_r
 .text._printf_common
                0x0800c45c       0xec c:/progra~2/gnutoo~1/72017-~1/bin/../lib/gcc/arm-none-eabi/7.2.1/../../../../arm-none-eabi/lib/thumb/v7-m\libg_nano.a(lib_a-nano-vfprintf_i.o)
                0x0800c45c                _printf_common
 .text._printf_i
                0x0800c548      0x224 c:/progra~2/gnutoo~1/72017-~1/bin/../lib/gcc/arm-none-eabi/7.2.1/../../../../arm-none-eabi/lib/thumb/v7-m\libg_nano.a(lib_a-nano-vfprintf_i.o)
                0x0800c548                _printf_i
 .text._scanf_chars
                0x0800c76c       0xc4 c:/progra~2/gnutoo~1/72017-~1/bin/../lib/gcc/arm-none-eabi/7.2.1/../../../../arm-none-eabi/lib/thumb/v7-m\libg_nano.a(lib_a-nano-vfscanf_i.o)
                0x0800c76c                _scanf_chars
 .text._scanf_i
                0x0800c830      0x1ec c:/progra~2/gnutoo~1/72017-~1/bin/../lib/gcc/arm-none-eabi/7.2.1/../../../../arm-none-eabi/lib/thumb/v7-m\libg_nano.a(lib_a-nano-vfscanf_i.o)
                0x0800c830                _scanf_i
 .text.__sccl   0x0800ca1c       0x62 c:/progra~2/gnutoo~1/72017-~1/bin/../lib/gcc/arm-none-eabi/7.2.1/../../../../arm-none-eabi/lib/thumb/v7-m\libg_nano.a(lib_a-sccl.o)
                0x0800ca1c                __sccl
 .text._strtol_l.isra.0
                0x0800ca7e       0xf6 c:/progra~2/gnutoo~1/72017-~1/bin/../lib/gcc/arm-none-eabi/7.2.1/../../../../arm-none-eabi/lib/thumb/v7-m\libg_nano.a(lib_a-strtol.o)
 .text._strtol_r
                0x0800cb74       0x24 c:/progra~2/gnutoo~1/72017-~1/bin/../lib/gcc/arm-none-eabi/7.2.1/../../../../arm-none-eabi/lib/thumb/v7-m\libg_nano.a(lib_a-strtol.o)
                0x0800cb74                _strtol_r
 .text._strtoul_l.isra.0
                0x0800cb98       0xf4 c:/progra~2/gnutoo~1/72017-~1/bin/../lib/gcc/arm-none-eabi/7.2.1/../../../../arm-none-eabi/lib/thumb/v7-m\libg_nano.a(lib_a-strtoul.o)
 .text._strtoul_r
                0x0800cc8c       0x24 c:/progra~2/gnutoo~1/72017-~1/bin/../lib/gcc/arm-none-eabi/7.2.1/../../../../arm-none-eabi/lib/thumb/v7-m\libg_nano.a(lib_a-strtoul.o)
                0x0800cc8c                _strtoul_r
 .text.__submore
                0x0800ccb0       0x70 c:/progra~2/gnutoo~1/72017-~1/bin/../lib/gcc/arm-none-eabi/7.2.1/../../../../arm-none-eabi/lib/thumb/v7-m\libg_nano.a(lib_a-ungetc.o)
                0x0800ccb0                __submore
 .text.memchr   0x0800cd20       0x1c c:/progra~2/gnutoo~1/72017-~1/bin/../lib/gcc/arm-none-eabi/7.2.1/../../../../arm-none-eabi/lib/thumb/v7-m\libg_nano.a(lib_a-memchr-stub.o)
                0x0800cd20                memchr
 .text.memmove  0x0800cd3c       0x32 c:/progra~2/gnutoo~1/72017-~1/bin/../lib/gcc/arm-none-eabi/7.2.1/../../../../arm-none-eabi/lib/thumb/v7-m\libg_nano.a(lib_a-memmove.o)
                0x0800cd3c                memmove
 .text._malloc_usable_size_r
                0x0800cd6e       0x10 c:/progra~2/gnutoo~1/72017-~1/bin/../lib/gcc/arm-none-eabi/7.2.1/../../../../arm-none-eabi/lib/thumb/v7-m\libg_nano.a(lib_a-nano-msizer.o)
                0x0800cd6e                _malloc_usable_size_r
 *fill*         0x0800cd7e        0x2 
 .text._sbrk    0x0800cd80       0x1c c:/progra~2/gnutoo~1/72017-~1/bin/../lib/gcc/arm-none-eabi/7.2.1/../../../../arm-none-eabi/lib/thumb/v7-m\libnosys.a(sbrk.o)
                0x0800cd80                _sbrk
 *(.glue_7)
 .glue_7        0x0800cd9c        0x0 linker stubs
 *(.glue_7t)
 .glue_7t       0x0800cd9c        0x0 linker stubs
 *(.eh_frame)
 .eh_frame      0x0800cd9c        0x0 c:/progra~2/gnutoo~1/72017-~1/bin/../lib/gcc/arm-none-eabi/7.2.1/thumb/v7-m/crtbegin.o
 *(.init)
 .init          0x0800cd9c        0x4 c:/progra~2/gnutoo~1/72017-~1/bin/../lib/gcc/arm-none-eabi/7.2.1/thumb/v7-m/crti.o
                0x0800cd9c                _init
 .init          0x0800cda0        0x8 c:/progra~2/gnutoo~1/72017-~1/bin/../lib/gcc/arm-none-eabi/7.2.1/thumb/v7-m/crtn.o
 *(.fini)
 .fini          0x0800cda8        0x4 c:/progra~2/gnutoo~1/72017-~1/bin/../lib/gcc/arm-none-eabi/7.2.1/thumb/v7-m/crti.o
                0x0800cda8                _fini
 .fini          0x0800cdac        0x8 c:/progra~2/gnutoo~1/72017-~1/bin/../lib/gcc/arm-none-eabi/7.2.1/thumb/v7-m/crtn.o
                0x0800cdb4                . = ALIGN (0x4)
                0x0800cdb4                _etext = .

.vfp11_veneer   0x0800cdb4        0x0
 .vfp11_veneer  0x0800cdb4        0x0 linker stubs

.v4_bx          0x0800cdb4        0x0
 .v4_bx         0x0800cdb4        0x0 linker stubs

.iplt           0x0800cdb4        0x0
 .iplt          0x0800cdb4        0x0 c:/progra~2/gnutoo~1/72017-~1/bin/../lib/gcc/arm-none-eabi/7.2.1/thumb/v7-m/crtbegin.o

.rodata         0x0800cdb8      0x494
                0x0800cdb8                . = ALIGN (0x4)
 *(.rodata)
 .rodata        0x0800cdb8       0x12 CMakeFiles/Oiler2018.elf.dir/Drivers/STM32F1xx_HAL_Driver/Src/stm32f1xx_hal_rcc.c.obj
 *fill*         0x0800cdca        0x2 
 .rodata        0x0800cdcc       0x45 CMakeFiles/Oiler2018.elf.dir/Inc/cjson/cJSON.c.obj
 *fill*         0x0800ce11        0x3 
 .rodata        0x0800ce14        0x5 CMakeFiles/Oiler2018.elf.dir/Middlewares/Third_Party/FreeRTOS/Source/tasks.c.obj
 *fill*         0x0800ce19        0x3 
 .rodata        0x0800ce1c       0x93 CMakeFiles/Oiler2018.elf.dir/Src/main.c.obj
 *fill*         0x0800ceaf        0x1 
 .rodata        0x0800ceb0       0x56 CMakeFiles/Oiler2018.elf.dir/Src/usbd_desc.c.obj
 *fill*         0x0800cf06        0x2 
 .rodata        0x0800cf08        0xc c:/progra~2/gnutoo~1/72017-~1/bin/../lib/gcc/arm-none-eabi/7.2.1/../../../../arm-none-eabi/lib/thumb/v7-m\libg_nano.a(lib_a-nano-vfscanf_i.o)
 *(.rodata*)
 .rodata.default_buffer_size.6829
                0x0800cf14        0x4 CMakeFiles/Oiler2018.elf.dir/Inc/cjson/cJSON.c.obj
 .rodata.AHBPrescTable
                0x0800cf18       0x10 CMakeFiles/Oiler2018.elf.dir/Src/system_stm32f1xx.c.obj
                0x0800cf18                AHBPrescTable
 .rodata.APBPrescTable
                0x0800cf28        0x8 CMakeFiles/Oiler2018.elf.dir/Src/system_stm32f1xx.c.obj
                0x0800cf28                APBPrescTable
 .rodata._setlocale_r.str1.1
                0x0800cf30        0x8 c:/progra~2/gnutoo~1/72017-~1/bin/../lib/gcc/arm-none-eabi/7.2.1/../../../../arm-none-eabi/lib/thumb/v7-m\libg_nano.a(lib_a-locale.o)
                                  0x9 (size before relaxing)
 .rodata.str1.1
                0x0800cf38        0x2 c:/progra~2/gnutoo~1/72017-~1/bin/../lib/gcc/arm-none-eabi/7.2.1/../../../../arm-none-eabi/lib/thumb/v7-m\libg_nano.a(lib_a-locale.o)
 .rodata._strtod_l.str1.1
                0x0800cf3a        0xc c:/progra~2/gnutoo~1/72017-~1/bin/../lib/gcc/arm-none-eabi/7.2.1/../../../../arm-none-eabi/lib/thumb/v7-m\libg_nano.a(lib_a-strtod.o)
 *fill*         0x0800cf46        0x2 
 .rodata.fpi.6156
                0x0800cf48       0x14 c:/progra~2/gnutoo~1/72017-~1/bin/../lib/gcc/arm-none-eabi/7.2.1/../../../../arm-none-eabi/lib/thumb/v7-m\libg_nano.a(lib_a-strtod.o)
 .rodata.fpinan.6192
                0x0800cf5c       0x14 c:/progra~2/gnutoo~1/72017-~1/bin/../lib/gcc/arm-none-eabi/7.2.1/../../../../arm-none-eabi/lib/thumb/v7-m\libg_nano.a(lib_a-strtod.o)
 .rodata.tinytens
                0x0800cf70       0x28 c:/progra~2/gnutoo~1/72017-~1/bin/../lib/gcc/arm-none-eabi/7.2.1/../../../../arm-none-eabi/lib/thumb/v7-m\libg_nano.a(lib_a-strtod.o)
 .rodata._ctype_
                0x0800cf98      0x101 c:/progra~2/gnutoo~1/72017-~1/bin/../lib/gcc/arm-none-eabi/7.2.1/../../../../arm-none-eabi/lib/thumb/v7-m\libg_nano.a(lib_a-ctype_.o)
                0x0800cf98                _ctype_
 *fill*         0x0800d099        0x7 
 .rodata.__mprec_bigtens
                0x0800d0a0       0x28 c:/progra~2/gnutoo~1/72017-~1/bin/../lib/gcc/arm-none-eabi/7.2.1/../../../../arm-none-eabi/lib/thumb/v7-m\libg_nano.a(lib_a-mprec.o)
                0x0800d0a0                __mprec_bigtens
 .rodata.__mprec_tens
                0x0800d0c8       0xc8 c:/progra~2/gnutoo~1/72017-~1/bin/../lib/gcc/arm-none-eabi/7.2.1/../../../../arm-none-eabi/lib/thumb/v7-m\libg_nano.a(lib_a-mprec.o)
                0x0800d0c8                __mprec_tens
 .rodata.p05.6084
                0x0800d190        0xc c:/progra~2/gnutoo~1/72017-~1/bin/../lib/gcc/arm-none-eabi/7.2.1/../../../../arm-none-eabi/lib/thumb/v7-m\libg_nano.a(lib_a-mprec.o)
 .rodata._svfprintf_r.str1.1
                0x0800d19c       0x11 c:/progra~2/gnutoo~1/72017-~1/bin/../lib/gcc/arm-none-eabi/7.2.1/../../../../arm-none-eabi/lib/thumb/v7-m\libg_nano.a(lib_a-nano-svfprintf.o)
 .rodata.__ssvfscanf_r.str1.1
                0x0800d1ad        0x4 c:/progra~2/gnutoo~1/72017-~1/bin/../lib/gcc/arm-none-eabi/7.2.1/../../../../arm-none-eabi/lib/thumb/v7-m\libg_nano.a(lib_a-nano-svfscanf.o)
 .rodata._printf_i.str1.1
                0x0800d1ad       0x22 c:/progra~2/gnutoo~1/72017-~1/bin/../lib/gcc/arm-none-eabi/7.2.1/../../../../arm-none-eabi/lib/thumb/v7-m\libg_nano.a(lib_a-nano-vfprintf_i.o)
 .rodata._scanf_i.str1.1
                0x0800d1cf       0x12 c:/progra~2/gnutoo~1/72017-~1/bin/../lib/gcc/arm-none-eabi/7.2.1/../../../../arm-none-eabi/lib/thumb/v7-m\libg_nano.a(lib_a-nano-vfscanf_i.o)
 .rodata.str1.1
                0x0800d1e1        0x9 c:/progra~2/gnutoo~1/72017-~1/bin/../lib/gcc/arm-none-eabi/7.2.1/../../../../arm-none-eabi/lib/thumb/v7-m\libg_nano.a(lib_a-nano-vfscanf_i.o)
 *fill*         0x0800d1ea        0x2 
 .rodata.__sf_fake_stderr
                0x0800d1ec       0x20 c:/progra~2/gnutoo~1/72017-~1/bin/../lib/gcc/arm-none-eabi/7.2.1/../../../../arm-none-eabi/lib/thumb/v7-m\libg_nano.a(lib_a-findfp.o)
                0x0800d1ec                __sf_fake_stderr
 .rodata.__sf_fake_stdin
                0x0800d20c       0x20 c:/progra~2/gnutoo~1/72017-~1/bin/../lib/gcc/arm-none-eabi/7.2.1/../../../../arm-none-eabi/lib/thumb/v7-m\libg_nano.a(lib_a-findfp.o)
                0x0800d20c                __sf_fake_stdin
 .rodata.__sf_fake_stdout
                0x0800d22c       0x20 c:/progra~2/gnutoo~1/72017-~1/bin/../lib/gcc/arm-none-eabi/7.2.1/../../../../arm-none-eabi/lib/thumb/v7-m\libg_nano.a(lib_a-findfp.o)
                0x0800d22c                __sf_fake_stdout
                0x0800d24c                . = ALIGN (0x4)

.rel.dyn        0x0800d24c        0x0
 .rel.iplt      0x0800d24c        0x0 c:/progra~2/gnutoo~1/72017-~1/bin/../lib/gcc/arm-none-eabi/7.2.1/thumb/v7-m/crtbegin.o

.ARM.extab
 *(.ARM.extab* .gnu.linkonce.armextab.*)

.ARM            0x0800d24c        0x0
                0x0800d24c                __exidx_start = .
 *(.ARM.exidx*)
                0x0800d24c                __exidx_end = .

.preinit_array  0x0800d24c        0x0
                0x0800d24c                PROVIDE (__preinit_array_start, .)
 *(.preinit_array*)
                0x0800d24c                PROVIDE (__preinit_array_end, .)

.init_array     0x0800d24c        0x4
                0x0800d24c                PROVIDE (__init_array_start, .)
 *(SORT_BY_NAME(.init_array.*))
 *(.init_array*)
 .init_array    0x0800d24c        0x4 c:/progra~2/gnutoo~1/72017-~1/bin/../lib/gcc/arm-none-eabi/7.2.1/thumb/v7-m/crtbegin.o
                0x0800d250                PROVIDE (__init_array_end, .)

.fini_array     0x0800d250        0x4
                [!provide]                PROVIDE (__fini_array_start, .)
 *(SORT_BY_NAME(.fini_array.*))
 *(.fini_array*)
 .fini_array    0x0800d250        0x4 c:/progra~2/gnutoo~1/72017-~1/bin/../lib/gcc/arm-none-eabi/7.2.1/thumb/v7-m/crtbegin.o
                [!provide]                PROVIDE (__fini_array_end, .)
                0x0800d254                _sidata = LOADADDR (.data)

.data           0x20000000      0x348 load address 0x0800d254
                0x20000000                . = ALIGN (0x4)
                0x20000000                _sdata = .
 *(.data)
 *(.data*)
 .data.uwTickPrio
                0x20000000        0x4 CMakeFiles/Oiler2018.elf.dir/Drivers/STM32F1xx_HAL_Driver/Src/stm32f1xx_hal.c.obj
                0x20000000                uwTickPrio
 .data.uwTickFreq
                0x20000004        0x1 CMakeFiles/Oiler2018.elf.dir/Drivers/STM32F1xx_HAL_Driver/Src/stm32f1xx_hal.c.obj
                0x20000004                uwTickFreq
 *fill*         0x20000005        0x3 
 .data.global_hooks
                0x20000008        0xc CMakeFiles/Oiler2018.elf.dir/Inc/cjson/cJSON.c.obj
 .data.USBD_CDC_DeviceQualifierDesc
                0x20000014        0xa CMakeFiles/Oiler2018.elf.dir/Middlewares/ST/STM32_USB_Device_Library/Class/CDC/Src/usbd_cdc.c.obj
 *fill*         0x2000001e        0x2 
 .data.USBD_CDC
                0x20000020       0x38 CMakeFiles/Oiler2018.elf.dir/Middlewares/ST/STM32_USB_Device_Library/Class/CDC/Src/usbd_cdc.c.obj
                0x20000020                USBD_CDC
 .data.USBD_CDC_CfgHSDesc
                0x20000058       0x43 CMakeFiles/Oiler2018.elf.dir/Middlewares/ST/STM32_USB_Device_Library/Class/CDC/Src/usbd_cdc.c.obj
                0x20000058                USBD_CDC_CfgHSDesc
 *fill*         0x2000009b        0x1 
 .data.USBD_CDC_CfgFSDesc
                0x2000009c       0x43 CMakeFiles/Oiler2018.elf.dir/Middlewares/ST/STM32_USB_Device_Library/Class/CDC/Src/usbd_cdc.c.obj
                0x2000009c                USBD_CDC_CfgFSDesc
 *fill*         0x200000df        0x1 
 .data.USBD_CDC_OtherSpeedCfgDesc
                0x200000e0       0x43 CMakeFiles/Oiler2018.elf.dir/Middlewares/ST/STM32_USB_Device_Library/Class/CDC/Src/usbd_cdc.c.obj
                0x200000e0                USBD_CDC_OtherSpeedCfgDesc
 *fill*         0x20000123        0x1 
 .data.uxCriticalNesting
                0x20000124        0x4 CMakeFiles/Oiler2018.elf.dir/Middlewares/Third_Party/FreeRTOS/Source/portable/GCC/ARM_CM3/port.c.obj
 .data.LubeDelay
                0x20000128        0x2 CMakeFiles/Oiler2018.elf.dir/Src/main.c.obj
                0x20000128                LubeDelay
 .data.WheelRotateLimitBase
                0x2000012a        0x2 CMakeFiles/Oiler2018.elf.dir/Src/main.c.obj
                0x2000012a                WheelRotateLimitBase
 .data.SpeedDelay
                0x2000012c        0x4 CMakeFiles/Oiler2018.elf.dir/Src/main.c.obj
                0x2000012c                SpeedDelay
 .data.SystemCoreClock
                0x20000130        0x4 CMakeFiles/Oiler2018.elf.dir/Src/system_stm32f1xx.c.obj
                0x20000130                SystemCoreClock
 .data.USBD_Interface_fops_FS
                0x20000134       0x10 CMakeFiles/Oiler2018.elf.dir/Src/usbd_cdc_if.c.obj
                0x20000134                USBD_Interface_fops_FS
 .data.FS_Desc  0x20000144       0x1c CMakeFiles/Oiler2018.elf.dir/Src/usbd_desc.c.obj
                0x20000144                FS_Desc
 .data.USBD_FS_DeviceDesc
                0x20000160       0x12 CMakeFiles/Oiler2018.elf.dir/Src/usbd_desc.c.obj
                0x20000160                USBD_FS_DeviceDesc
 *fill*         0x20000172        0x2 
 .data.USBD_LangIDDesc
                0x20000174        0x4 CMakeFiles/Oiler2018.elf.dir/Src/usbd_desc.c.obj
                0x20000174                USBD_LangIDDesc
 .data._impure_ptr
                0x20000178        0x4 c:/progra~2/gnutoo~1/72017-~1/bin/../lib/gcc/arm-none-eabi/7.2.1/../../../../arm-none-eabi/lib/thumb/v7-m\libg_nano.a(lib_a-impure.o)
                0x20000178                _impure_ptr
 .data.impure_data
                0x2000017c       0x60 c:/progra~2/gnutoo~1/72017-~1/bin/../lib/gcc/arm-none-eabi/7.2.1/../../../../arm-none-eabi/lib/thumb/v7-m\libg_nano.a(lib_a-impure.o)
 .data.__global_locale
                0x200001dc      0x16c c:/progra~2/gnutoo~1/72017-~1/bin/../lib/gcc/arm-none-eabi/7.2.1/../../../../arm-none-eabi/lib/thumb/v7-m\libg_nano.a(lib_a-locale.o)
                0x200001dc                __global_locale
                0x20000348                . = ALIGN (0x4)
                0x20000348                _edata = .

.igot.plt       0x20000348        0x0 load address 0x0800d59c
 .igot.plt      0x20000348        0x0 c:/progra~2/gnutoo~1/72017-~1/bin/../lib/gcc/arm-none-eabi/7.2.1/thumb/v7-m/crtbegin.o
                0x20000348                . = ALIGN (0x4)

.bss            0x20000348     0x3484 load address 0x0800d59c
                0x20000348                _sbss = .
                0x20000348                __bss_start__ = _sbss
 *(.bss)
 .bss           0x20000348       0x1c c:/progra~2/gnutoo~1/72017-~1/bin/../lib/gcc/arm-none-eabi/7.2.1/thumb/v7-m/crtbegin.o
 *(.bss*)
 .bss.uwTick    0x20000364        0x4 CMakeFiles/Oiler2018.elf.dir/Drivers/STM32F1xx_HAL_Driver/Src/stm32f1xx_hal.c.obj
                0x20000364                uwTick
 .bss.global_error
                0x20000368        0x8 CMakeFiles/Oiler2018.elf.dir/Inc/cjson/cJSON.c.obj
 .bss.ifalt.7657
                0x20000370        0x1 CMakeFiles/Oiler2018.elf.dir/Middlewares/ST/STM32_USB_Device_Library/Class/CDC/Src/usbd_cdc.c.obj
 .bss.cfgidx.7662
                0x20000371        0x1 CMakeFiles/Oiler2018.elf.dir/Middlewares/ST/STM32_USB_Device_Library/Core/Src/usbd_ctlreq.c.obj
 .bss.ucMaxSysCallPriority
                0x20000372        0x1 CMakeFiles/Oiler2018.elf.dir/Middlewares/Third_Party/FreeRTOS/Source/portable/GCC/ARM_CM3/port.c.obj
 *fill*         0x20000373        0x1 
 .bss.ulMaxPRIGROUPValue
                0x20000374        0x4 CMakeFiles/Oiler2018.elf.dir/Middlewares/Third_Party/FreeRTOS/Source/portable/GCC/ARM_CM3/port.c.obj
 .bss.ucHeap    0x20000378     0x2000 CMakeFiles/Oiler2018.elf.dir/Middlewares/Third_Party/FreeRTOS/Source/portable/MemMang/heap_4.c.obj
 .bss.xStart    0x20002378        0x8 CMakeFiles/Oiler2018.elf.dir/Middlewares/Third_Party/FreeRTOS/Source/portable/MemMang/heap_4.c.obj
 .bss.pxEnd     0x20002380        0x4 CMakeFiles/Oiler2018.elf.dir/Middlewares/Third_Party/FreeRTOS/Source/portable/MemMang/heap_4.c.obj
 .bss.xFreeBytesRemaining
                0x20002384        0x4 CMakeFiles/Oiler2018.elf.dir/Middlewares/Third_Party/FreeRTOS/Source/portable/MemMang/heap_4.c.obj
 .bss.xMinimumEverFreeBytesRemaining
                0x20002388        0x4 CMakeFiles/Oiler2018.elf.dir/Middlewares/Third_Party/FreeRTOS/Source/portable/MemMang/heap_4.c.obj
 .bss.xBlockAllocatedBit
                0x2000238c        0x4 CMakeFiles/Oiler2018.elf.dir/Middlewares/Third_Party/FreeRTOS/Source/portable/MemMang/heap_4.c.obj
 .bss.pxCurrentTCB
                0x20002390        0x4 CMakeFiles/Oiler2018.elf.dir/Middlewares/Third_Party/FreeRTOS/Source/tasks.c.obj
                0x20002390                pxCurrentTCB
 .bss.pxReadyTasksLists
                0x20002394       0x8c CMakeFiles/Oiler2018.elf.dir/Middlewares/Third_Party/FreeRTOS/Source/tasks.c.obj
 .bss.xDelayedTaskList1
                0x20002420       0x14 CMakeFiles/Oiler2018.elf.dir/Middlewares/Third_Party/FreeRTOS/Source/tasks.c.obj
 .bss.xDelayedTaskList2
                0x20002434       0x14 CMakeFiles/Oiler2018.elf.dir/Middlewares/Third_Party/FreeRTOS/Source/tasks.c.obj
 .bss.pxDelayedTaskList
                0x20002448        0x4 CMakeFiles/Oiler2018.elf.dir/Middlewares/Third_Party/FreeRTOS/Source/tasks.c.obj
 .bss.pxOverflowDelayedTaskList
                0x2000244c        0x4 CMakeFiles/Oiler2018.elf.dir/Middlewares/Third_Party/FreeRTOS/Source/tasks.c.obj
 .bss.xPendingReadyList
                0x20002450       0x14 CMakeFiles/Oiler2018.elf.dir/Middlewares/Third_Party/FreeRTOS/Source/tasks.c.obj
 .bss.xTasksWaitingTermination
                0x20002464       0x14 CMakeFiles/Oiler2018.elf.dir/Middlewares/Third_Party/FreeRTOS/Source/tasks.c.obj
 .bss.uxDeletedTasksWaitingCleanUp
                0x20002478        0x4 CMakeFiles/Oiler2018.elf.dir/Middlewares/Third_Party/FreeRTOS/Source/tasks.c.obj
 .bss.xSuspendedTaskList
                0x2000247c       0x14 CMakeFiles/Oiler2018.elf.dir/Middlewares/Third_Party/FreeRTOS/Source/tasks.c.obj
 .bss.uxCurrentNumberOfTasks
                0x20002490        0x4 CMakeFiles/Oiler2018.elf.dir/Middlewares/Third_Party/FreeRTOS/Source/tasks.c.obj
 .bss.xTickCount
                0x20002494        0x4 CMakeFiles/Oiler2018.elf.dir/Middlewares/Third_Party/FreeRTOS/Source/tasks.c.obj
 .bss.uxTopReadyPriority
                0x20002498        0x4 CMakeFiles/Oiler2018.elf.dir/Middlewares/Third_Party/FreeRTOS/Source/tasks.c.obj
 .bss.xSchedulerRunning
                0x2000249c        0x4 CMakeFiles/Oiler2018.elf.dir/Middlewares/Third_Party/FreeRTOS/Source/tasks.c.obj
 .bss.uxPendedTicks
                0x200024a0        0x4 CMakeFiles/Oiler2018.elf.dir/Middlewares/Third_Party/FreeRTOS/Source/tasks.c.obj
 .bss.xYieldPending
                0x200024a4        0x4 CMakeFiles/Oiler2018.elf.dir/Middlewares/Third_Party/FreeRTOS/Source/tasks.c.obj
 .bss.xNumOfOverflows
                0x200024a8        0x4 CMakeFiles/Oiler2018.elf.dir/Middlewares/Third_Party/FreeRTOS/Source/tasks.c.obj
 .bss.uxTaskNumber
                0x200024ac        0x4 CMakeFiles/Oiler2018.elf.dir/Middlewares/Third_Party/FreeRTOS/Source/tasks.c.obj
 .bss.xNextTaskUnblockTime
                0x200024b0        0x4 CMakeFiles/Oiler2018.elf.dir/Middlewares/Third_Party/FreeRTOS/Source/tasks.c.obj
 .bss.xIdleTaskHandle
                0x200024b4        0x4 CMakeFiles/Oiler2018.elf.dir/Middlewares/Third_Party/FreeRTOS/Source/tasks.c.obj
 .bss.uxSchedulerSuspended
                0x200024b8        0x4 CMakeFiles/Oiler2018.elf.dir/Middlewares/Third_Party/FreeRTOS/Source/tasks.c.obj
 .bss.huart1    0x200024bc       0x40 CMakeFiles/Oiler2018.elf.dir/Src/main.c.obj
                0x200024bc                huart1
 .bss.defaultTaskHandle
                0x200024fc        0x4 CMakeFiles/Oiler2018.elf.dir/Src/main.c.obj
                0x200024fc                defaultTaskHandle
 .bss.LubeLimitCorrecHandle
                0x20002500        0x4 CMakeFiles/Oiler2018.elf.dir/Src/main.c.obj
                0x20002500                LubeLimitCorrecHandle
 .bss.BLETransmitTaskHandle
                0x20002504        0x4 CMakeFiles/Oiler2018.elf.dir/Src/main.c.obj
                0x20002504                BLETransmitTaskHandle
 .bss.receiveBuffer
                0x20002508        0x1 CMakeFiles/Oiler2018.elf.dir/Src/main.c.obj
                0x20002508                receiveBuffer
 *fill*         0x20002509        0x3 
 .bss.receiveString
                0x2000250c       0x20 CMakeFiles/Oiler2018.elf.dir/Src/main.c.obj
                0x2000250c                receiveString
 .bss.receiveindex
                0x2000252c        0x4 CMakeFiles/Oiler2018.elf.dir/Src/main.c.obj
                0x2000252c                receiveindex
 .bss.LubeCount
                0x20002530        0x2 CMakeFiles/Oiler2018.elf.dir/Src/main.c.obj
                0x20002530                LubeCount
 .bss.WheelRotateCount
                0x20002532        0x2 CMakeFiles/Oiler2018.elf.dir/Src/main.c.obj
                0x20002532                WheelRotateCount
 .bss.WheelRotateCountPrev
                0x20002534        0x2 CMakeFiles/Oiler2018.elf.dir/Src/main.c.obj
                0x20002534                WheelRotateCountPrev
 *fill*         0x20002536        0x2 